Archive member included to satisfy reference by file (symbol)

C:\WorkSpace\TDM_STM32H563_LSM6DSV16BX\NanoEdgeAI\libneai.a(NanoEdgeAI.o)
                              ./Core/Src/main.o (neai_oneclass_init)
C:/Program Files/STMicroelectronics/STM32Cube/STM32CubeIDE_1.14.1/STM32CubeIDE/plugins/com.st.stm32cube.ide.mcu.externaltools.gnu-tools-for-stm32.12.3.rel1.win32_1.0.100.202403111256/tools/bin/../lib/gcc/arm-none-eabi/12.3.1/../../../../arm-none-eabi/lib/thumb/v8-m.main+fp/hard\libc_nano.a(libc_a-exit.o)
                              C:/Program Files/STMicroelectronics/STM32Cube/STM32CubeIDE_1.14.1/STM32CubeIDE/plugins/com.st.stm32cube.ide.mcu.externaltools.gnu-tools-for-stm32.12.3.rel1.win32_1.0.100.202403111256/tools/bin/../lib/gcc/arm-none-eabi/12.3.1/../../../../arm-none-eabi/lib/thumb/v8-m.main+fp/hard/crt0.o (exit)
C:/Program Files/STMicroelectronics/STM32Cube/STM32CubeIDE_1.14.1/STM32CubeIDE/plugins/com.st.stm32cube.ide.mcu.externaltools.gnu-tools-for-stm32.12.3.rel1.win32_1.0.100.202403111256/tools/bin/../lib/gcc/arm-none-eabi/12.3.1/../../../../arm-none-eabi/lib/thumb/v8-m.main+fp/hard\libc_nano.a(libc_a-findfp.o)
                              C:/Program Files/STMicroelectronics/STM32Cube/STM32CubeIDE_1.14.1/STM32CubeIDE/plugins/com.st.stm32cube.ide.mcu.externaltools.gnu-tools-for-stm32.12.3.rel1.win32_1.0.100.202403111256/tools/bin/../lib/gcc/arm-none-eabi/12.3.1/../../../../arm-none-eabi/lib/thumb/v8-m.main+fp/hard\libc_nano.a(libc_a-exit.o) (__stdio_exit_handler)
C:/Program Files/STMicroelectronics/STM32Cube/STM32CubeIDE_1.14.1/STM32CubeIDE/plugins/com.st.stm32cube.ide.mcu.externaltools.gnu-tools-for-stm32.12.3.rel1.win32_1.0.100.202403111256/tools/bin/../lib/gcc/arm-none-eabi/12.3.1/../../../../arm-none-eabi/lib/thumb/v8-m.main+fp/hard\libc_nano.a(libc_a-fwalk.o)
                              C:/Program Files/STMicroelectronics/STM32Cube/STM32CubeIDE_1.14.1/STM32CubeIDE/plugins/com.st.stm32cube.ide.mcu.externaltools.gnu-tools-for-stm32.12.3.rel1.win32_1.0.100.202403111256/tools/bin/../lib/gcc/arm-none-eabi/12.3.1/../../../../arm-none-eabi/lib/thumb/v8-m.main+fp/hard\libc_nano.a(libc_a-findfp.o) (_fwalk_sglue)
C:/Program Files/STMicroelectronics/STM32Cube/STM32CubeIDE_1.14.1/STM32CubeIDE/plugins/com.st.stm32cube.ide.mcu.externaltools.gnu-tools-for-stm32.12.3.rel1.win32_1.0.100.202403111256/tools/bin/../lib/gcc/arm-none-eabi/12.3.1/../../../../arm-none-eabi/lib/thumb/v8-m.main+fp/hard\libc_nano.a(libc_a-printf.o)
                              ./Core/Src/mems_app.o (printf)
C:/Program Files/STMicroelectronics/STM32Cube/STM32CubeIDE_1.14.1/STM32CubeIDE/plugins/com.st.stm32cube.ide.mcu.externaltools.gnu-tools-for-stm32.12.3.rel1.win32_1.0.100.202403111256/tools/bin/../lib/gcc/arm-none-eabi/12.3.1/../../../../arm-none-eabi/lib/thumb/v8-m.main+fp/hard\libc_nano.a(libc_a-putchar.o)
                              ./Core/Src/mems_app.o (putchar)
C:/Program Files/STMicroelectronics/STM32Cube/STM32CubeIDE_1.14.1/STM32CubeIDE/plugins/com.st.stm32cube.ide.mcu.externaltools.gnu-tools-for-stm32.12.3.rel1.win32_1.0.100.202403111256/tools/bin/../lib/gcc/arm-none-eabi/12.3.1/../../../../arm-none-eabi/lib/thumb/v8-m.main+fp/hard\libc_nano.a(libc_a-stdio.o)
                              C:/Program Files/STMicroelectronics/STM32Cube/STM32CubeIDE_1.14.1/STM32CubeIDE/plugins/com.st.stm32cube.ide.mcu.externaltools.gnu-tools-for-stm32.12.3.rel1.win32_1.0.100.202403111256/tools/bin/../lib/gcc/arm-none-eabi/12.3.1/../../../../arm-none-eabi/lib/thumb/v8-m.main+fp/hard\libc_nano.a(libc_a-findfp.o) (__sread)
C:/Program Files/STMicroelectronics/STM32Cube/STM32CubeIDE_1.14.1/STM32CubeIDE/plugins/com.st.stm32cube.ide.mcu.externaltools.gnu-tools-for-stm32.12.3.rel1.win32_1.0.100.202403111256/tools/bin/../lib/gcc/arm-none-eabi/12.3.1/../../../../arm-none-eabi/lib/thumb/v8-m.main+fp/hard\libc_nano.a(libc_a-memset.o)
                              C:/Program Files/STMicroelectronics/STM32Cube/STM32CubeIDE_1.14.1/STM32CubeIDE/plugins/com.st.stm32cube.ide.mcu.externaltools.gnu-tools-for-stm32.12.3.rel1.win32_1.0.100.202403111256/tools/bin/../lib/gcc/arm-none-eabi/12.3.1/../../../../arm-none-eabi/lib/thumb/v8-m.main+fp/hard/crt0.o (memset)
C:/Program Files/STMicroelectronics/STM32Cube/STM32CubeIDE_1.14.1/STM32CubeIDE/plugins/com.st.stm32cube.ide.mcu.externaltools.gnu-tools-for-stm32.12.3.rel1.win32_1.0.100.202403111256/tools/bin/../lib/gcc/arm-none-eabi/12.3.1/../../../../arm-none-eabi/lib/thumb/v8-m.main+fp/hard\libc_nano.a(libc_a-closer.o)
                              C:/Program Files/STMicroelectronics/STM32Cube/STM32CubeIDE_1.14.1/STM32CubeIDE/plugins/com.st.stm32cube.ide.mcu.externaltools.gnu-tools-for-stm32.12.3.rel1.win32_1.0.100.202403111256/tools/bin/../lib/gcc/arm-none-eabi/12.3.1/../../../../arm-none-eabi/lib/thumb/v8-m.main+fp/hard\libc_nano.a(libc_a-stdio.o) (_close_r)
[...]
Memory Configuration

Name             Origin             Length             Attributes
RAM              0x20000000         0x000a0000         xrw
FLASH            0x08000000         0x00200000         xr
*default*        0x00000000         0xffffffff

Linker script and memory map

LOAD C:/Program Files/STMicroelectronics/STM32Cube/STM32CubeIDE_1.14.1/STM32CubeIDE/plugins/com.st.stm32cube.ide.mcu.externaltools.gnu-tools-for-stm32.12.3.rel1.win32_1.0.100.202403111256/tools/bin/../lib/gcc/arm-none-eabi/12.3.1/thumb/v8-m.main+fp/hard/crti.o
LOAD C:/Program Files/STMicroelectronics/STM32Cube/STM32CubeIDE_1.14.1/STM32CubeIDE/plugins/com.st.stm32cube.ide.mcu.externaltools.gnu-tools-for-stm32.12.3.rel1.win32_1.0.100.202403111256/tools/bin/../lib/gcc/arm-none-eabi/12.3.1/thumb/v8-m.main+fp/hard/crtbegin.o
LOAD C:/Program Files/STMicroelectronics/STM32Cube/STM32CubeIDE_1.14.1/STM32CubeIDE/plugins/com.st.stm32cube.ide.mcu.externaltools.gnu-tools-for-stm32.12.3.rel1.win32_1.0.100.202403111256/tools/bin/../lib/gcc/arm-none-eabi/12.3.1/../../../../arm-none-eabi/lib/thumb/v8-m.main+fp/hard/crt0.o
LOAD ./Core/Src/gpdma.o
LOAD ./Core/Src/gpio.o
LOAD ./Core/Src/i2c.o
LOAD ./Core/Src/i2s.o
LOAD ./Core/Src/icache.o
LOAD ./Core/Src/lsm6dsv16bx.o
LOAD ./Core/Src/main.o
LOAD ./Core/Src/memorymap.o
LOAD ./Core/Src/mems_app.o
LOAD ./Core/Src/sai.o
LOAD ./Core/Src/stm32h5xx_hal_msp.o
LOAD ./Core/Src/stm32h5xx_it.o
LOAD ./Core/Src/syscalls.o
LOAD ./Core/Src/sysmem.o
LOAD ./Core/Src/system_stm32h5xx.o
LOAD ./Core/Src/tim.o
LOAD ./Core/Startup/startup_stm32h563zitx.o
LOAD ./Drivers/BSP/STM32H5xx_Nucleo/stm32h5xx_nucleo.o
LOAD ./Drivers/STM32H5xx_HAL_Driver/Src/stm32h5xx_hal.o
LOAD ./Drivers/STM32H5xx_HAL_Driver/Src/stm32h5xx_hal_cortex.o
LOAD ./Drivers/STM32H5xx_HAL_Driver/Src/stm32h5xx_hal_dma.o
LOAD ./Drivers/STM32H5xx_HAL_Driver/Src/stm32h5xx_hal_dma_ex.o
LOAD ./Drivers/STM32H5xx_HAL_Driver/Src/stm32h5xx_hal_exti.o
LOAD ./Drivers/STM32H5xx_HAL_Driver/Src/stm32h5xx_hal_flash.o
LOAD ./Drivers/STM32H5xx_HAL_Driver/Src/stm32h5xx_hal_flash_ex.o
LOAD ./Drivers/STM32H5xx_HAL_Driver/Src/stm32h5xx_hal_gpio.o
LOAD ./Drivers/STM32H5xx_HAL_Driver/Src/stm32h5xx_hal_i2c.o
LOAD ./Drivers/STM32H5xx_HAL_Driver/Src/stm32h5xx_hal_i2c_ex.o
LOAD ./Drivers/STM32H5xx_HAL_Driver/Src/stm32h5xx_hal_i2s.o
LOAD ./Drivers/STM32H5xx_HAL_Driver/Src/stm32h5xx_hal_i2s_ex.o
LOAD ./Drivers/STM32H5xx_HAL_Driver/Src/stm32h5xx_hal_icache.o
LOAD ./Drivers/STM32H5xx_HAL_Driver/Src/stm32h5xx_hal_pwr.o
LOAD ./Drivers/STM32H5xx_HAL_Driver/Src/stm32h5xx_hal_pwr_ex.o
LOAD ./Drivers/STM32H5xx_HAL_Driver/Src/stm32h5xx_hal_rcc.o
LOAD ./Drivers/STM32H5xx_HAL_Driver/Src/stm32h5xx_hal_rcc_ex.o
LOAD ./Drivers/STM32H5xx_HAL_Driver/Src/stm32h5xx_hal_sai.o
LOAD ./Drivers/STM32H5xx_HAL_Driver/Src/stm32h5xx_hal_sai_ex.o
LOAD ./Drivers/STM32H5xx_HAL_Driver/Src/stm32h5xx_hal_tim.o
LOAD ./Drivers/STM32H5xx_HAL_Driver/Src/stm32h5xx_hal_tim_ex.o
LOAD ./Drivers/STM32H5xx_HAL_Driver/Src/stm32h5xx_hal_uart.o
LOAD ./Drivers/STM32H5xx_HAL_Driver/Src/stm32h5xx_hal_uart_ex.o
LOAD ./Drivers/STM32H5xx_HAL_Driver/Src/stm32h5xx_hal_usart.o
LOAD ./Drivers/STM32H5xx_HAL_Driver/Src/stm32h5xx_hal_usart_ex.o
LOAD C:\WorkSpace\TDM_STM32H563_LSM6DSV16BX\NanoEdgeAI\libneai.a
START GROUP
LOAD C:/Program Files/STMicroelectronics/STM32Cube/STM32CubeIDE_1.14.1/STM32CubeIDE/plugins/com.st.stm32cube.ide.mcu.externaltools.gnu-tools-for-stm32.12.3.rel1.win32_1.0.100.202403111256/tools/bin/../lib/gcc/arm-none-eabi/12.3.1/../../../../arm-none-eabi/lib/thumb/v8-m.main+fp/hard\libc_nano.a
LOAD C:/Program Files/STMicroelectronics/STM32Cube/STM32CubeIDE_1.14.1/STM32CubeIDE/plugins/com.st.stm32cube.ide.mcu.externaltools.gnu-tools-for-stm32.12.3.rel1.win32_1.0.100.202403111256/tools/bin/../lib/gcc/arm-none-eabi/12.3.1/../../../../arm-none-eabi/lib/thumb/v8-m.main+fp/hard\libm.a
END GROUP
START GROUP
LOAD C:/Program Files/STMicroelectronics/STM32Cube/STM32CubeIDE_1.14.1/STM32CubeIDE/plugins/com.st.stm32cube.ide.mcu.externaltools.gnu-tools-for-stm32.12.3.rel1.win32_1.0.100.202403111256/tools/bin/../lib/gcc/arm-none-eabi/12.3.1/thumb/v8-m.main+fp/hard\libgcc.a
LOAD C:/Program Files/STMicroelectronics/STM32Cube/STM32CubeIDE_1.14.1/STM32CubeIDE/plugins/com.st.stm32cube.ide.mcu.externaltools.gnu-tools-for-stm32.12.3.rel1.win32_1.0.100.202403111256/tools/bin/../lib/gcc/arm-none-eabi/12.3.1/../../../../arm-none-eabi/lib/thumb/v8-m.main+fp/hard\libc_nano.a
END GROUP
START GROUP
LOAD C:/Program Files/STMicroelectronics/STM32Cube/STM32CubeIDE_1.14.1/STM32CubeIDE/plugins/com.st.stm32cube.ide.mcu.externaltools.gnu-tools-for-stm32.12.3.rel1.win32_1.0.100.202403111256/tools/bin/../lib/gcc/arm-none-eabi/12.3.1/thumb/v8-m.main+fp/hard\libgcc.a
LOAD C:/Program Files/STMicroelectronics/STM32Cube/STM32CubeIDE_1.14.1/STM32CubeIDE/plugins/com.st.stm32cube.ide.mcu.externaltools.gnu-tools-for-stm32.12.3.rel1.win32_1.0.100.202403111256/tools/bin/../lib/gcc/arm-none-eabi/12.3.1/../../../../arm-none-eabi/lib/thumb/v8-m.main+fp/hard\libc_nano.a
LOAD C:/Program Files/STMicroelectronics/STM32Cube/STM32CubeIDE_1.14.1/STM32CubeIDE/plugins/com.st.stm32cube.ide.mcu.externaltools.gnu-tools-for-stm32.12.3.rel1.win32_1.0.100.202403111256/tools/bin/../lib/gcc/arm-none-eabi/12.3.1/../../../../arm-none-eabi/lib/thumb/v8-m.main+fp/hard\libnosys.a
END GROUP
START GROUP
LOAD C:/Program Files/STMicroelectronics/STM32Cube/STM32CubeIDE_1.14.1/STM32CubeIDE/plugins/com.st.stm32cube.ide.mcu.externaltools.gnu-tools-for-stm32.12.3.rel1.win32_1.0.100.202403111256/tools/bin/../lib/gcc/arm-none-eabi/12.3.1/thumb/v8-m.main+fp/hard\libgcc.a
LOAD C:/Program Files/STMicroelectronics/STM32Cube/STM32CubeIDE_1.14.1/STM32CubeIDE/plugins/com.st.stm32cube.ide.mcu.externaltools.gnu-tools-for-stm32.12.3.rel1.win32_1.0.100.202403111256/tools/bin/../lib/gcc/arm-none-eabi/12.3.1/../../../../arm-none-eabi/lib/thumb/v8-m.main+fp/hard\libc_nano.a
LOAD C:/Program Files/STMicroelectronics/STM32Cube/STM32CubeIDE_1.14.1/STM32CubeIDE/plugins/com.st.stm32cube.ide.mcu.externaltools.gnu-tools-for-stm32.12.3.rel1.win32_1.0.100.202403111256/tools/bin/../lib/gcc/arm-none-eabi/12.3.1/../../../../arm-none-eabi/lib/thumb/v8-m.main+fp/hard\libnosys.a
END GROUP
LOAD C:/Program Files/STMicroelectronics/STM32Cube/STM32CubeIDE_1.14.1/STM32CubeIDE/plugins/com.st.stm32cube.ide.mcu.externaltools.gnu-tools-for-stm32.12.3.rel1.win32_1.0.100.202403111256/tools/bin/../lib/gcc/arm-none-eabi/12.3.1/thumb/v8-m.main+fp/hard/crtend.o
LOAD C:/Program Files/STMicroelectronics/STM32Cube/STM32CubeIDE_1.14.1/STM32CubeIDE/plugins/com.st.stm32cube.ide.mcu.externaltools.gnu-tools-for-stm32.12.3.rel1.win32_1.0.100.202403111256/tools/bin/../lib/gcc/arm-none-eabi/12.3.1/thumb/v8-m.main+fp/hard/crtn.o
                0x200a0000                        _estack = (ORIGIN (RAM) + LENGTH (RAM))
                0x00000400                        _Min_Heap_Size = 0x400
                0x00000600                        _Min_Stack_Size = 0x600

.isr_vector     0x08000000      0x24c
                0x08000000                        . = ALIGN (0x4)
 *(.isr_vector)
 .isr_vector    0x08000000      0x24c ./Core/Startup/startup_stm32h563zitx.o
                0x08000000                g_pfnVectors
                0x0800024c                        . = ALIGN (0x4)

.text           0x08000250     0xc4e4
                0x08000250                        . = ALIGN (0x4)
 *(.text)
 .text          0x08000250       0x40 C:/Program Files/STMicroelectronics/STM32Cube/STM32CubeIDE_1.14.1/STM32CubeIDE/plugins/com.st.stm32cube.ide.mcu.externaltools.gnu-tools-for-stm32.12.3.rel1.win32_1.0.100.202403111256/tools/bin/../lib/gcc/arm-none-eabi/12.3.1/thumb/v8-m.main+fp/hard/crtbegin.o
 .text          0x08000290      0x254 C:/Program Files/STMicroelectronics/STM32Cube/STM32CubeIDE_1.14.1/STM32CubeIDE/plugins/com.st.stm32cube.ide.mcu.externaltools.gnu-tools-for-stm32.12.3.rel1.win32_1.0.100.202403111256/tools/bin/../lib/gcc/arm-none-eabi/12.3.1/thumb/v8-m.main+fp/hard\libgcc.a(_arm_muldf3.o)
                0x08000290                __muldf3
                0x08000290                __aeabi_dmul
 .text          0x080004e4      0x378 C:/Program Files/STMicroelectronics/STM32Cube/STM32CubeIDE_1.14.1/STM32CubeIDE/plugins/com.st.stm32cube.ide.mcu.externaltools.gnu-tools-for-stm32.12.3.rel1.win32_1.0.100.202403111256/tools/bin/../lib/gcc/arm-none-eabi/12.3.1/thumb/v8-m.main+fp/hard\libgcc.a(_arm_addsubdf3.o)
                0x080004e4                __aeabi_drsub
                0x080004ec                __aeabi_dsub
                0x080004ec                __subdf3
                0x080004f0                __aeabi_dadd
                0x080004f0                __adddf3
                0x08000768                __floatunsidf
                0x08000768                __aeabi_ui2d
                0x08000788                __floatsidf
                0x08000788                __aeabi_i2d
                0x080007ac                __aeabi_f2d
                0x080007ac                __extendsfdf2
                0x080007f0                __floatundidf
                0x080007f0                __aeabi_ul2d
                0x08000800                __floatdidf
                0x08000800                __aeabi_l2d
 .text          0x0800085c       0xa0 C:/Program Files/STMicroelectronics/STM32Cube/STM32CubeIDE_1.14.1/STM32CubeIDE/plugins/com.st.stm32cube.ide.mcu.externaltools.gnu-tools-for-stm32.12.3.rel1.win32_1.0.100.202403111256/tools/bin/../lib/gcc/arm-none-eabi/12.3.1/thumb/v8-m.main+fp/hard\libgcc.a(_arm_truncdfsf2.o)
                0x0800085c                __truncdfsf2
                0x0800085c                __aeabi_d2f
 .text          0x080008fc       0x30 C:/Program Files/STMicroelectronics/STM32Cube/STM32CubeIDE_1.14.1/STM32CubeIDE/plugins/com.st.stm32cube.ide.mcu.externaltools.gnu-tools-for-stm32.12.3.rel1.win32_1.0.100.202403111256/tools/bin/../lib/gcc/arm-none-eabi/12.3.1/thumb/v8-m.main+fp/hard\libgcc.a(_aeabi_uldivmod.o)
                0x080008fc                __aeabi_uldivmod
 .text          0x0800092c      0x2e4 C:/Program Files/STMicroelectronics/STM32Cube/STM32CubeIDE_1.14.1/STM32CubeIDE/plugins/com.st.stm32cube.ide.mcu.externaltools.gnu-tools-for-stm32.12.3.rel1.win32_1.0.100.202403111256/tools/bin/../lib/gcc/arm-none-eabi/12.3.1/thumb/v8-m.main+fp/hard\libgcc.a(_udivmoddi4.o)
                0x0800092c                __udivmoddi4
 .text          0x08000c10        0x4 C:/Program Files/STMicroelectronics/STM32Cube/STM32CubeIDE_1.14.1/STM32CubeIDE/plugins/com.st.stm32cube.ide.mcu.externaltools.gnu-tools-for-stm32.12.3.rel1.win32_1.0.100.202403111256/tools/bin/../lib/gcc/arm-none-eabi/12.3.1/thumb/v8-m.main+fp/hard\libgcc.a(_dvmd_tls.o)
                0x08000c10                __aeabi_idiv0
                0x08000c10                __aeabi_ldiv0
 *(.text*)
 .text.MX_GPDMA1_Init
                0x08000c14       0x40 ./Core/Src/gpdma.o
                0x08000c14                MX_GPDMA1_Init
 .text.MX_GPIO_Init
                0x08000c54      0x130 ./Core/Src/gpio.o
                0x08000c54                MX_GPIO_Init
 .text.MX_I2C1_Init
                0x08000d84       0x80 ./Core/Src/i2c.o
                0x08000d84                MX_I2C1_Init
 .text.HAL_I2C_MspInit
                0x08000e04      0x11c ./Core/Src/i2c.o
                0x08000e04                HAL_I2C_MspInit
 .text.MX_I2S1_Init
                0x08000f20       0x68 ./Core/Src/i2s.o
                0x08000f20                MX_I2S1_Init
 .text.HAL_I2S_MspInit
                0x08000f88      0x17c ./Core/Src/i2s.o
                0x08000f88                HAL_I2S_MspInit
 .text.MX_ICACHE_Init
                0x08001104       0x16 ./Core/Src/icache.o
                0x08001104                MX_ICACHE_Init
 .text.lsm6dsv_Init
                0x0800111a       0x6a ./Core/Src/lsm6dsv16bx.o
                0x0800111a                lsm6dsv_Init
 .text.lsm6dsv_AccelerationRawGet
                0x08001184       0x44 ./Core/Src/lsm6dsv16bx.o
                0x08001184                lsm6dsv_AccelerationRawGet
 .text.lsm6dsv_RegWrite
                0x080011c8       0x44 ./Core/Src/lsm6dsv16bx.o
 .text.lsm6dsv_TDM_DataRead
                0x0800120c       0x30 ./Core/Src/lsm6dsv16bx.o
 .text.main     0x0800123c       0xd0 ./Core/Src/main.o
                0x0800123c                main
 .text.SystemClock_Config
                0x0800130c       0xec ./Core/Src/main.o
                0x0800130c                SystemClock_Config
 .text.HAL_TIM_PeriodElapsedCallback
                0x080013f8       0x20 ./Core/Src/main.o
                0x080013f8                HAL_TIM_PeriodElapsedCallback
 .text.Error_Handler
                0x08001418        0xc ./Core/Src/main.o
                0x08001418                Error_Handler
 .text.BoardInit
                0x08001424       0x10 ./Core/Src/mems_app.o
                0x08001424                BoardInit
 *fill*         0x08001434        0x4 
 .text.AccelerometerProcess
                0x08001438      0x118 ./Core/Src/mems_app.o
                0x08001438                AccelerometerProcess
 .text.NanoEdgeAIProcess
                0x08001550       0x70 ./Core/Src/mems_app.o
                0x08001550                NanoEdgeAIProcess
 .text.HAL_MspInit
                0x080015c0        0xe ./Core/Src/stm32h5xx_hal_msp.o
                0x080015c0                HAL_MspInit
 .text.NMI_Handler
                0x080015ce        0x8 ./Core/Src/stm32h5xx_it.o
                0x080015ce                NMI_Handler
 .text.HardFault_Handler
                0x080015d6        0x8 ./Core/Src/stm32h5xx_it.o
                0x080015d6                HardFault_Handler
 .text.MemManage_Handler
                0x080015de        0x8 ./Core/Src/stm32h5xx_it.o
                0x080015de                MemManage_Handler
 .text.BusFault_Handler
                0x080015e6        0x8 ./Core/Src/stm32h5xx_it.o
                0x080015e6                BusFault_Handler
 .text.UsageFault_Handler
                0x080015ee        0x8 ./Core/Src/stm32h5xx_it.o
                0x080015ee                UsageFault_Handler
 .text.SVC_Handler
                0x080015f6        0xe ./Core/Src/stm32h5xx_it.o
                0x080015f6                SVC_Handler
 .text.DebugMon_Handler
                0x08001604        0xe ./Core/Src/stm32h5xx_it.o
                0x08001604                DebugMon_Handler
 .text.PendSV_Handler
                0x08001612        0xe ./Core/Src/stm32h5xx_it.o
                0x08001612                PendSV_Handler
 .text.SysTick_Handler
                0x08001620        0xc ./Core/Src/stm32h5xx_it.o
                0x08001620                SysTick_Handler
 .text.EXTI13_IRQHandler
                0x0800162c        0xe ./Core/Src/stm32h5xx_it.o
                0x0800162c                EXTI13_IRQHandler
 *fill*         0x0800163a        0x2 
 .text.GPDMA1_Channel0_IRQHandler
                0x0800163c       0x14 ./Core/Src/stm32h5xx_it.o
                0x0800163c                GPDMA1_Channel0_IRQHandler
 .text.TIM7_IRQHandler
                0x08001650       0x14 ./Core/Src/stm32h5xx_it.o
                0x08001650                TIM7_IRQHandler
 .text._read    0x08001664       0x3a ./Core/Src/syscalls.o
                0x08001664                _read
 .text._write   0x0800169e       0x38 ./Core/Src/syscalls.o
                0x0800169e                _write
 .text._close   0x080016d6       0x18 ./Core/Src/syscalls.o
                0x080016d6                _close
 .text._fstat   0x080016ee       0x20 ./Core/Src/syscalls.o
                0x080016ee                _fstat
 .text._isatty  0x0800170e       0x16 ./Core/Src/syscalls.o
                0x0800170e                _isatty
 .text._lseek   0x08001724       0x1a ./Core/Src/syscalls.o
                0x08001724                _lseek
 *fill*         0x0800173e        0x2 
 .text._sbrk    0x08001740       0x6c ./Core/Src/sysmem.o
                0x08001740                _sbrk
 .text.SystemInit
                0x080017ac       0xf8 ./Core/Src/system_stm32h5xx.o
                0x080017ac                SystemInit
 .text.MX_TIM7_Init
                0x080018a4       0x6c ./Core/Src/tim.o
                0x080018a4                MX_TIM7_Init
 .text.HAL_TIM_Base_MspInit
                0x08001910       0x50 ./Core/Src/tim.o
                0x08001910                HAL_TIM_Base_MspInit
 .text.Reset_Handler
                0x08001960       0x50 ./Core/Startup/startup_stm32h563zitx.o
                0x08001960                Reset_Handler
 .text.Default_Handler
                0x080019b0        0x2 ./Core/Startup/startup_stm32h563zitx.o
                0x080019b0                EXTI2_IRQHandler
                0x080019b0                TIM8_TRG_COM_IRQHandler
                0x080019b0                TIM8_CC_IRQHandler
                0x080019b0                EXTI5_IRQHandler
                0x080019b0                I3C1_ER_IRQHandler
                0x080019b0                UART8_IRQHandler
                0x080019b0                SPI4_IRQHandler
                0x080019b0                GPDMA2_Channel1_IRQHandler
                0x080019b0                FLASH_S_IRQHandler
                0x080019b0                TIM1_CC_IRQHandler
                0x080019b0                GPDMA2_Channel3_IRQHandler
                0x080019b0                TAMP_IRQHandler
                0x080019b0                TIM6_IRQHandler
                0x080019b0                EXTI12_IRQHandler
                0x080019b0                CORDIC_IRQHandler
                0x080019b0                USB_DRD_FS_IRQHandler
                0x080019b0                EXTI3_IRQHandler
                0x080019b0                LPTIM4_IRQHandler
                0x080019b0                GPDMA1_Channel5_IRQHandler
                0x080019b0                EXTI8_IRQHandler
                0x080019b0                GPDMA2_Channel5_IRQHandler
                0x080019b0                LPTIM2_IRQHandler
                0x080019b0                I2C3_ER_IRQHandler
                0x080019b0                GPDMA2_Channel2_IRQHandler
                0x080019b0                USART10_IRQHandler
                0x080019b0                LPTIM3_IRQHandler
                0x080019b0                EXTI0_IRQHandler
                0x080019b0                I2C2_EV_IRQHandler
                0x080019b0                FPU_IRQHandler
                0x080019b0                GPDMA1_Channel3_IRQHandler
                0x080019b0                GPDMA1_Channel7_IRQHandler
                0x080019b0                FDCAN1_IT1_IRQHandler
                0x080019b0                RAMCFG_IRQHandler
                0x080019b0                DCACHE1_IRQHandler
                0x080019b0                SPI1_IRQHandler
                0x080019b0                OCTOSPI1_IRQHandler
                0x080019b0                GPDMA1_Channel2_IRQHandler
                0x080019b0                TIM8_UP_IRQHandler
                0x080019b0                RCC_S_IRQHandler
                0x080019b0                SAI2_IRQHandler
                0x080019b0                ADC1_IRQHandler
                0x080019b0                USART6_IRQHandler
                0x080019b0                EXTI15_IRQHandler
                0x080019b0                TIM17_IRQHandler
                0x080019b0                USART3_IRQHandler
                0x080019b0                RTC_IRQHandler
                0x080019b0                EXTI9_IRQHandler
                0x080019b0                LPTIM5_IRQHandler
                0x080019b0                UART5_IRQHandler
                0x080019b0                TIM4_IRQHandler
                0x080019b0                I2C1_EV_IRQHandler
                0x080019b0                GPDMA1_Channel1_IRQHandler
                0x080019b0                TIM16_IRQHandler
                0x080019b0                UART4_IRQHandler
                0x080019b0                SecureFault_Handler
                0x080019b0                TIM3_IRQHandler
                0x080019b0                RCC_IRQHandler
                0x080019b0                UART9_IRQHandler
                0x080019b0                TIM1_TRG_COM_IRQHandler
                0x080019b0                Default_Handler
                0x080019b0                FMAC_IRQHandler
                0x080019b0                CEC_IRQHandler
                0x080019b0                USART11_IRQHandler
                0x080019b0                TIM14_IRQHandler
                0x080019b0                TIM13_IRQHandler
                0x080019b0                GPDMA2_Channel4_IRQHandler
                0x080019b0                SPI5_IRQHandler
                0x080019b0                TIM12_IRQHandler
                0x080019b0                SDMMC1_IRQHandler
                0x080019b0                TIM5_IRQHandler
                0x080019b0                UCPD1_IRQHandler
                0x080019b0                I3C1_EV_IRQHandler
                0x080019b0                TIM15_IRQHandler
                0x080019b0                PVD_AVD_IRQHandler
                0x080019b0                I2C3_EV_IRQHandler
                0x080019b0                ETH_WKUP_IRQHandler
                0x080019b0                ADC2_IRQHandler
                0x080019b0                SPI2_IRQHandler
                0x080019b0                EXTI14_IRQHandler
                0x080019b0                EXTI11_IRQHandler
                0x080019b0                CRS_IRQHandler
                0x080019b0                EXTI4_IRQHandler
                0x080019b0                GPDMA2_Channel0_IRQHandler
                0x080019b0                RTC_S_IRQHandler
                0x080019b0                RNG_IRQHandler
                0x080019b0                FDCAN2_IT1_IRQHandler
                0x080019b0                ETH_IRQHandler
                0x080019b0                GPDMA2_Channel6_IRQHandler
                0x080019b0                TIM1_UP_IRQHandler
                0x080019b0                UART12_IRQHandler
                0x080019b0                WWDG_IRQHandler
                0x080019b0                SPI6_IRQHandler
                0x080019b0                I2C4_EV_IRQHandler
                0x080019b0                FDCAN2_IT0_IRQHandler
                0x080019b0                IWDG_IRQHandler
                0x080019b0                LPUART1_IRQHandler
                0x080019b0                FDCAN1_IT0_IRQHandler
                0x080019b0                TIM2_IRQHandler
                0x080019b0                GPDMA1_Channel4_IRQHandler
                0x080019b0                EXTI7_IRQHandler
                0x080019b0                TIM1_BRK_IRQHandler
                0x080019b0                EXTI1_IRQHandler
                0x080019b0                SDMMC2_IRQHandler
                0x080019b0                LPTIM6_IRQHandler
                0x080019b0                DAC1_IRQHandler
                0x080019b0                DTS_IRQHandler
                0x080019b0                UART7_IRQHandler
                0x080019b0                GTZC_IRQHandler
                0x080019b0                USART2_IRQHandler
                0x080019b0                GPDMA1_Channel6_IRQHandler
                0x080019b0                GPDMA2_Channel7_IRQHandler
                0x080019b0                I2C2_ER_IRQHandler
                0x080019b0                TIM8_BRK_IRQHandler
                0x080019b0                FLASH_IRQHandler
                0x080019b0                USART1_IRQHandler
                0x080019b0                EXTI10_IRQHandler
                0x080019b0                SPI3_IRQHandler
                0x080019b0                I2C1_ER_IRQHandler
                0x080019b0                FMC_IRQHandler
                0x080019b0                EXTI6_IRQHandler
                0x080019b0                LPTIM1_IRQHandler
                0x080019b0                DCMI_PSSI_IRQHandler
                0x080019b0                I2C4_ER_IRQHandler
                0x080019b0                ICACHE_IRQHandler
                0x080019b0                SAI1_IRQHandler
                0x080019b0                HASH_IRQHandler
 *fill*         0x080019b2        0x2 
 .text.BSP_LED_Init
                0x080019b4       0xec ./Drivers/BSP/STM32H5xx_Nucleo/stm32h5xx_nucleo.o
                0x080019b4                BSP_LED_Init
 .text.BSP_PB_Init
                0x08001aa0       0xf0 ./Drivers/BSP/STM32H5xx_Nucleo/stm32h5xx_nucleo.o
                0x08001aa0                BSP_PB_Init
 .text.BSP_PB_IRQHandler
                0x08001b90       0x2c ./Drivers/BSP/STM32H5xx_Nucleo/stm32h5xx_nucleo.o
                0x08001b90                BSP_PB_IRQHandler
 .text.BSP_PB_Callback
                0x08001bbc       0x16 ./Drivers/BSP/STM32H5xx_Nucleo/stm32h5xx_nucleo.o
                0x08001bbc                BSP_PB_Callback
 *fill*         0x08001bd2        0x2 
 .text.BSP_COM_Init
                0x08001bd4       0x60 ./Drivers/BSP/STM32H5xx_Nucleo/stm32h5xx_nucleo.o
                0x08001bd4                BSP_COM_Init
 .text.MX_USART_Init
                0x08001c34       0x68 ./Drivers/BSP/STM32H5xx_Nucleo/stm32h5xx_nucleo.o
                0x08001c34                MX_USART_Init
 .text.__io_putchar
                0x08001c9c       0x38 ./Drivers/BSP/STM32H5xx_Nucleo/stm32h5xx_nucleo.o
                0x08001c9c                __io_putchar
 .text.BUTTON_USER_EXTI_Callback
                0x08001cd4        0xe ./Drivers/BSP/STM32H5xx_Nucleo/stm32h5xx_nucleo.o
 *fill*         0x08001ce2        0x2 
 .text.COM1_MspInit
                0x08001ce4       0xb0 ./Drivers/BSP/STM32H5xx_Nucleo/stm32h5xx_nucleo.o
 .text.HAL_Init
                0x08001d94       0x50 ./Drivers/STM32H5xx_HAL_Driver/Src/stm32h5xx_hal.o
                0x08001d94                HAL_Init
 .text.HAL_InitTick
                0x08001de4       0xec ./Drivers/STM32H5xx_HAL_Driver/Src/stm32h5xx_hal.o
                0x08001de4                HAL_InitTick
 .text.HAL_IncTick
                0x08001ed0       0x28 ./Drivers/STM32H5xx_HAL_Driver/Src/stm32h5xx_hal.o
                0x08001ed0                HAL_IncTick
 .text.HAL_GetTick
                0x08001ef8       0x18 ./Drivers/STM32H5xx_HAL_Driver/Src/stm32h5xx_hal.o
                0x08001ef8                HAL_GetTick
 .text.HAL_Delay
                0x08001f10       0x48 ./Drivers/STM32H5xx_HAL_Driver/Src/stm32h5xx_hal.o
                0x08001f10                HAL_Delay
 .text.__NVIC_SetPriorityGrouping
                0x08001f58       0x48 ./Drivers/STM32H5xx_HAL_Driver/Src/stm32h5xx_hal_cortex.o
 .text.__NVIC_GetPriorityGrouping
                0x08001fa0       0x1c ./Drivers/STM32H5xx_HAL_Driver/Src/stm32h5xx_hal_cortex.o
 .text.__NVIC_EnableIRQ
                0x08001fbc       0x3c ./Drivers/STM32H5xx_HAL_Driver/Src/stm32h5xx_hal_cortex.o
 .text.__NVIC_SetPriority
                0x08001ff8       0x54 ./Drivers/STM32H5xx_HAL_Driver/Src/stm32h5xx_hal_cortex.o
 .text.NVIC_EncodePriority
                0x0800204c       0x66 ./Drivers/STM32H5xx_HAL_Driver/Src/stm32h5xx_hal_cortex.o
 .text.HAL_NVIC_SetPriorityGrouping
                0x080020b2       0x16 ./Drivers/STM32H5xx_HAL_Driver/Src/stm32h5xx_hal_cortex.o
                0x080020b2                HAL_NVIC_SetPriorityGrouping
 .text.HAL_NVIC_SetPriority
                0x080020c8       0x34 ./Drivers/STM32H5xx_HAL_Driver/Src/stm32h5xx_hal_cortex.o
                0x080020c8                HAL_NVIC_SetPriority
 .text.HAL_NVIC_EnableIRQ
                0x080020fc       0x1c ./Drivers/STM32H5xx_HAL_Driver/Src/stm32h5xx_hal_cortex.o
                0x080020fc                HAL_NVIC_EnableIRQ
 .text.HAL_SYSTICK_Config
                0x08002118       0x44 ./Drivers/STM32H5xx_HAL_Driver/Src/stm32h5xx_hal_cortex.o
                0x08002118                HAL_SYSTICK_Config
 .text.HAL_SYSTICK_CLKSourceConfig
                0x0800215c       0xb0 ./Drivers/STM32H5xx_HAL_Driver/Src/stm32h5xx_hal_cortex.o
                0x0800215c                HAL_SYSTICK_CLKSourceConfig
 .text.HAL_SYSTICK_GetCLKSourceConfig
                0x0800220c       0x6c ./Drivers/STM32H5xx_HAL_Driver/Src/stm32h5xx_hal_cortex.o
                0x0800220c                HAL_SYSTICK_GetCLKSourceConfig
 .text.HAL_DMA_IRQHandler
                0x08002278      0x2c2 ./Drivers/STM32H5xx_HAL_Driver/Src/stm32h5xx_hal_dma.o
                0x08002278                HAL_DMA_IRQHandler
 .text.HAL_EXTI_RegisterCallback
                0x0800253a       0x58 ./Drivers/STM32H5xx_HAL_Driver/Src/stm32h5xx_hal_exti.o
                0x0800253a                HAL_EXTI_RegisterCallback
 .text.HAL_EXTI_GetHandle
                0x08002592       0x28 ./Drivers/STM32H5xx_HAL_Driver/Src/stm32h5xx_hal_exti.o
                0x08002592                HAL_EXTI_GetHandle
 *fill*         0x080025ba        0x2 
 .text.HAL_EXTI_IRQHandler
                0x080025bc       0x90 ./Drivers/STM32H5xx_HAL_Driver/Src/stm32h5xx_hal_exti.o
                0x080025bc                HAL_EXTI_IRQHandler
 .text.HAL_GPIO_Init
                0x0800264c      0x2a4 ./Drivers/STM32H5xx_HAL_Driver/Src/stm32h5xx_hal_gpio.o
                0x0800264c                HAL_GPIO_Init
 .text.HAL_GPIO_WritePin
                0x080028f0       0x30 ./Drivers/STM32H5xx_HAL_Driver/Src/stm32h5xx_hal_gpio.o
                0x080028f0                HAL_GPIO_WritePin
 .text.HAL_I2C_Init
                0x08002920      0x136 ./Drivers/STM32H5xx_HAL_Driver/Src/stm32h5xx_hal_i2c.o
                0x08002920                HAL_I2C_Init
 *fill*         0x08002a56        0x2 
 .text.HAL_I2C_Mem_Write
                0x08002a58      0x228 ./Drivers/STM32H5xx_HAL_Driver/Src/stm32h5xx_hal_i2c.o
                0x08002a58                HAL_I2C_Mem_Write
 .text.I2C_RequestMemoryWrite
                0x08002c80       0xa8 ./Drivers/STM32H5xx_HAL_Driver/Src/stm32h5xx_hal_i2c.o
 .text.I2C_Flush_TXDR
                0x08002d28       0x48 ./Drivers/STM32H5xx_HAL_Driver/Src/stm32h5xx_hal_i2c.o
 .text.I2C_WaitOnFlagUntilTimeout
                0x08002d70       0xb2 ./Drivers/STM32H5xx_HAL_Driver/Src/stm32h5xx_hal_i2c.o
 .text.I2C_WaitOnTXISFlagUntilTimeout
                0x08002e22       0x8e ./Drivers/STM32H5xx_HAL_Driver/Src/stm32h5xx_hal_i2c.o
 .text.I2C_WaitOnSTOPFlagUntilTimeout
                0x08002eb0       0x86 ./Drivers/STM32H5xx_HAL_Driver/Src/stm32h5xx_hal_i2c.o
 *fill*         0x08002f36        0x2 
 .text.I2C_IsErrorOccurred
                0x08002f38      0x1c0 ./Drivers/STM32H5xx_HAL_Driver/Src/stm32h5xx_hal_i2c.o
 .text.I2C_TransferConfig
                0x080030f8       0x64 ./Drivers/STM32H5xx_HAL_Driver/Src/stm32h5xx_hal_i2c.o
 .text.HAL_I2CEx_ConfigAnalogFilter
                0x0800315c       0x96 ./Drivers/STM32H5xx_HAL_Driver/Src/stm32h5xx_hal_i2c_ex.o
                0x0800315c                HAL_I2CEx_ConfigAnalogFilter
 .text.HAL_I2CEx_ConfigDigitalFilter
                0x080031f2       0x98 ./Drivers/STM32H5xx_HAL_Driver/Src/stm32h5xx_hal_i2c_ex.o
                0x080031f2                HAL_I2CEx_ConfigDigitalFilter
 *fill*         0x0800328a        0x2 
 .text.HAL_I2S_Init
                0x0800328c      0x280 ./Drivers/STM32H5xx_HAL_Driver/Src/stm32h5xx_hal_i2s.o
                0x0800328c                HAL_I2S_Init
 .text.HAL_I2S_Receive
                0x0800350c      0x19a ./Drivers/STM32H5xx_HAL_Driver/Src/stm32h5xx_hal_i2s.o
                0x0800350c                HAL_I2S_Receive
 .text.I2S_WaitFlagStateUntilTimeout
                0x080036a6       0x6c ./Drivers/STM32H5xx_HAL_Driver/Src/stm32h5xx_hal_i2s.o
 *fill*         0x08003712        0x2 
 .text.HAL_ICACHE_Enable
                0x08003714       0x20 ./Drivers/STM32H5xx_HAL_Driver/Src/stm32h5xx_hal_icache.o
                0x08003714                HAL_ICACHE_Enable
 .text.HAL_RCC_OscConfig
                0x08003734      0x870 ./Drivers/STM32H5xx_HAL_Driver/Src/stm32h5xx_hal_rcc.o
                0x08003734                HAL_RCC_OscConfig
 .text.HAL_RCC_ClockConfig
                0x08003fa4      0x370 ./Drivers/STM32H5xx_HAL_Driver/Src/stm32h5xx_hal_rcc.o
                0x08003fa4                HAL_RCC_ClockConfig
 .text.HAL_RCC_GetSysClockFreq
                0x08004314      0x258 ./Drivers/STM32H5xx_HAL_Driver/Src/stm32h5xx_hal_rcc.o
                0x08004314                HAL_RCC_GetSysClockFreq
 .text.HAL_RCC_GetHCLKFreq
                0x0800456c       0x38 ./Drivers/STM32H5xx_HAL_Driver/Src/stm32h5xx_hal_rcc.o
                0x0800456c                HAL_RCC_GetHCLKFreq
 .text.HAL_RCC_GetPCLK1Freq
                0x080045a4       0x2c ./Drivers/STM32H5xx_HAL_Driver/Src/stm32h5xx_hal_rcc.o
                0x080045a4                HAL_RCC_GetPCLK1Freq
 .text.HAL_RCC_GetPCLK2Freq
                0x080045d0       0x2c ./Drivers/STM32H5xx_HAL_Driver/Src/stm32h5xx_hal_rcc.o
                0x080045d0                HAL_RCC_GetPCLK2Freq
 .text.HAL_RCC_GetPCLK3Freq
                0x080045fc       0x2c ./Drivers/STM32H5xx_HAL_Driver/Src/stm32h5xx_hal_rcc.o
                0x080045fc                HAL_RCC_GetPCLK3Freq
 .text.HAL_RCCEx_PeriphCLKConfig
                0x08004628     0x1f14 ./Drivers/STM32H5xx_HAL_Driver/Src/stm32h5xx_hal_rcc_ex.o
                0x08004628                HAL_RCCEx_PeriphCLKConfig
 .text.HAL_RCCEx_GetPLL1ClockFreq
                0x0800653c      0x2d4 ./Drivers/STM32H5xx_HAL_Driver/Src/stm32h5xx_hal_rcc_ex.o
                0x0800653c                HAL_RCCEx_GetPLL1ClockFreq
 .text.HAL_RCCEx_GetPLL2ClockFreq
                0x08006810      0x2d4 ./Drivers/STM32H5xx_HAL_Driver/Src/stm32h5xx_hal_rcc_ex.o
                0x08006810                HAL_RCCEx_GetPLL2ClockFreq
 .text.HAL_RCCEx_GetPLL3ClockFreq
                0x08006ae4      0x2d4 ./Drivers/STM32H5xx_HAL_Driver/Src/stm32h5xx_hal_rcc_ex.o
                0x08006ae4                HAL_RCCEx_GetPLL3ClockFreq
 .text.HAL_RCCEx_GetPeriphCLKFreq
                0x08006db8     0x26b4 ./Drivers/STM32H5xx_HAL_Driver/Src/stm32h5xx_hal_rcc_ex.o
                0x08006db8                HAL_RCCEx_GetPeriphCLKFreq
 .text.RCCEx_PLL2_Config
                0x0800946c      0x130 ./Drivers/STM32H5xx_HAL_Driver/Src/stm32h5xx_hal_rcc_ex.o
 .text.RCCEx_PLL3_Config
                0x0800959c      0x130 ./Drivers/STM32H5xx_HAL_Driver/Src/stm32h5xx_hal_rcc_ex.o
 .text.HAL_TIM_Base_Init
                0x080096cc       0xae ./Drivers/STM32H5xx_HAL_Driver/Src/stm32h5xx_hal_tim.o
                0x080096cc                HAL_TIM_Base_Init
 *fill*         0x0800977a        0x2 
 .text.HAL_TIM_Base_Start_IT
                0x0800977c      0x15c ./Drivers/STM32H5xx_HAL_Driver/Src/stm32h5xx_hal_tim.o
                0x0800977c                HAL_TIM_Base_Start_IT
 .text.HAL_TIM_IRQHandler
                0x080098d8      0x29e ./Drivers/STM32H5xx_HAL_Driver/Src/stm32h5xx_hal_tim.o
                0x080098d8                HAL_TIM_IRQHandler
 .text.HAL_TIM_OC_DelayElapsedCallback
                0x08009b76       0x14 ./Drivers/STM32H5xx_HAL_Driver/Src/stm32h5xx_hal_tim.o
                0x08009b76                HAL_TIM_OC_DelayElapsedCallback
 .text.HAL_TIM_IC_CaptureCallback
                0x08009b8a       0x14 ./Drivers/STM32H5xx_HAL_Driver/Src/stm32h5xx_hal_tim.o
                0x08009b8a                HAL_TIM_IC_CaptureCallback
 .text.HAL_TIM_PWM_PulseFinishedCallback
                0x08009b9e       0x14 ./Drivers/STM32H5xx_HAL_Driver/Src/stm32h5xx_hal_tim.o
                0x08009b9e                HAL_TIM_PWM_PulseFinishedCallback
 .text.HAL_TIM_TriggerCallback
                0x08009bb2       0x14 ./Drivers/STM32H5xx_HAL_Driver/Src/stm32h5xx_hal_tim.o
                0x08009bb2                HAL_TIM_TriggerCallback
 *fill*         0x08009bc6        0x2 
 .text.TIM_Base_SetConfig
                0x08009bc8      0x254 ./Drivers/STM32H5xx_HAL_Driver/Src/stm32h5xx_hal_tim.o
                0x08009bc8                TIM_Base_SetConfig
 .text.HAL_TIMEx_MasterConfigSynchronization
                0x08009e1c      0x1a0 ./Drivers/STM32H5xx_HAL_Driver/Src/stm32h5xx_hal_tim_ex.o
                0x08009e1c                HAL_TIMEx_MasterConfigSynchronization
 .text.HAL_TIMEx_CommutCallback
                0x08009fbc       0x14 ./Drivers/STM32H5xx_HAL_Driver/Src/stm32h5xx_hal_tim_ex.o
                0x08009fbc                HAL_TIMEx_CommutCallback
 .text.HAL_TIMEx_BreakCallback
                0x08009fd0       0x14 ./Drivers/STM32H5xx_HAL_Driver/Src/stm32h5xx_hal_tim_ex.o
                0x08009fd0                HAL_TIMEx_BreakCallback
 .text.HAL_TIMEx_Break2Callback
                0x08009fe4       0x14 ./Drivers/STM32H5xx_HAL_Driver/Src/stm32h5xx_hal_tim_ex.o
                0x08009fe4                HAL_TIMEx_Break2Callback
 .text.HAL_TIMEx_EncoderIndexCallback
                0x08009ff8       0x14 ./Drivers/STM32H5xx_HAL_Driver/Src/stm32h5xx_hal_tim_ex.o
                0x08009ff8                HAL_TIMEx_EncoderIndexCallback
 .text.HAL_TIMEx_DirectionChangeCallback
                0x0800a00c       0x14 ./Drivers/STM32H5xx_HAL_Driver/Src/stm32h5xx_hal_tim_ex.o
                0x0800a00c                HAL_TIMEx_DirectionChangeCallback
 .text.HAL_TIMEx_IndexErrorCallback
                0x0800a020       0x14 ./Drivers/STM32H5xx_HAL_Driver/Src/stm32h5xx_hal_tim_ex.o
                0x0800a020                HAL_TIMEx_IndexErrorCallback
 .text.HAL_TIMEx_TransitionErrorCallback
                0x0800a034       0x14 ./Drivers/STM32H5xx_HAL_Driver/Src/stm32h5xx_hal_tim_ex.o
                0x0800a034                HAL_TIMEx_TransitionErrorCallback
 .text.HAL_UART_Init
                0x0800a048       0xa0 ./Drivers/STM32H5xx_HAL_Driver/Src/stm32h5xx_hal_uart.o
                0x0800a048                HAL_UART_Init
 .text.HAL_UART_MspInit
                0x0800a0e8       0x14 ./Drivers/STM32H5xx_HAL_Driver/Src/stm32h5xx_hal_uart.o
                0x0800a0e8                HAL_UART_MspInit
 .text.HAL_UART_Transmit
                0x0800a0fc      0x13c ./Drivers/STM32H5xx_HAL_Driver/Src/stm32h5xx_hal_uart.o
                0x0800a0fc                HAL_UART_Transmit
 .text.UART_SetConfig
                0x0800a238      0x3dc ./Drivers/STM32H5xx_HAL_Driver/Src/stm32h5xx_hal_uart.o
                0x0800a238                UART_SetConfig
 .text.UART_AdvFeatureConfig
                0x0800a614      0x144 ./Drivers/STM32H5xx_HAL_Driver/Src/stm32h5xx_hal_uart.o
                0x0800a614                UART_AdvFeatureConfig
 .text.UART_CheckIdleState
                0x0800a758      0x154 ./Drivers/STM32H5xx_HAL_Driver/Src/stm32h5xx_hal_uart.o
                0x0800a758                UART_CheckIdleState
 .text.UART_WaitOnFlagUntilTimeout
                0x0800a8ac       0xda ./Drivers/STM32H5xx_HAL_Driver/Src/stm32h5xx_hal_uart.o
                0x0800a8ac                UART_WaitOnFlagUntilTimeout
 .text.UART_EndRxTransfer
                0x0800a986       0xcc ./Drivers/STM32H5xx_HAL_Driver/Src/stm32h5xx_hal_uart.o
 *fill*         0x0800aa52        0x2 
 .text.neai_oneclass_init
                0x0800aa54      0x1e8 C:\WorkSpace\TDM_STM32H563_LSM6DSV16BX\NanoEdgeAI\libneai.a(NanoEdgeAI.o)
                0x0800aa54                neai_oneclass_init
 .text.neai_oneclass
                0x0800ac3c      0x920 C:\WorkSpace\TDM_STM32H563_LSM6DSV16BX\NanoEdgeAI\libneai.a(NanoEdgeAI.o)
                0x0800ac3c                neai_oneclass
 .text.std      0x0800b55c       0x6c C:/Program Files/STMicroelectronics/STM32Cube/STM32CubeIDE_1.14.1/STM32CubeIDE/plugins/com.st.stm32cube.ide.mcu.externaltools.gnu-tools-for-stm32.12.3.rel1.win32_1.0.100.202403111256/tools/bin/../lib/gcc/arm-none-eabi/12.3.1/../../../../arm-none-eabi/lib/thumb/v8-m.main+fp/hard\libc_nano.a(libc_a-findfp.o)
 .text.stdio_exit_handler
                0x0800b5c8       0x18 C:/Program Files/STMicroelectronics/STM32Cube/STM32CubeIDE_1.14.1/STM32CubeIDE/plugins/com.st.stm32cube.ide.mcu.externaltools.gnu-tools-for-stm32.12.3.rel1.win32_1.0.100.202403111256/tools/bin/../lib/gcc/arm-none-eabi/12.3.1/../../../../arm-none-eabi/lib/thumb/v8-m.main+fp/hard\libc_nano.a(libc_a-findfp.o)
 .text.cleanup_stdio
                0x0800b5e0       0x40 C:/Program Files/STMicroelectronics/STM32Cube/STM32CubeIDE_1.14.1/STM32CubeIDE/plugins/com.st.stm32cube.ide.mcu.externaltools.gnu-tools-for-stm32.12.3.rel1.win32_1.0.100.202403111256/tools/bin/../lib/gcc/arm-none-eabi/12.3.1/../../../../arm-none-eabi/lib/thumb/v8-m.main+fp/hard\libc_nano.a(libc_a-findfp.o)
 .text.global_stdio_init.part.0
                0x0800b620       0x3c C:/Program Files/STMicroelectronics/STM32Cube/STM32CubeIDE_1.14.1/STM32CubeIDE/plugins/com.st.stm32cube.ide.mcu.externaltools.gnu-tools-for-stm32.12.3.rel1.win32_1.0.100.202403111256/tools/bin/../lib/gcc/arm-none-eabi/12.3.1/../../../../arm-none-eabi/lib/thumb/v8-m.main+fp/hard\libc_nano.a(libc_a-findfp.o)
 .text.__sfp_lock_acquire
                0x0800b65c        0xc C:/Program Files/STMicroelectronics/STM32Cube/STM32CubeIDE_1.14.1/STM32CubeIDE/plugins/com.st.stm32cube.ide.mcu.externaltools.gnu-tools-for-stm32.12.3.rel1.win32_1.0.100.202403111256/tools/bin/../lib/gcc/arm-none-eabi/12.3.1/../../../../arm-none-eabi/lib/thumb/v8-m.main+fp/hard\libc_nano.a(libc_a-findfp.o)
                0x0800b65c                __sfp_lock_acquire
 .text.__sfp_lock_release
                0x0800b668        0xc C:/Program Files/STMicroelectronics/STM32Cube/STM32CubeIDE_1.14.1/STM32CubeIDE/plugins/com.st.stm32cube.ide.mcu.externaltools.gnu-tools-for-stm32.12.3.rel1.win32_1.0.100.202403111256/tools/bin/../lib/gcc/arm-none-eabi/12.3.1/../../../../arm-none-eabi/lib/thumb/v8-m.main+fp/hard\libc_nano.a(libc_a-findfp.o)
                0x0800b668                __sfp_lock_release
 .text.__sinit  0x0800b674       0x30 C:/Program Files/STMicroelectronics/STM32Cube/STM32CubeIDE_1.14.1/STM32CubeIDE/plugins/com.st.stm32cube.ide.mcu.externaltools.gnu-tools-for-stm32.12.3.rel1.win32_1.0.100.202403111256/tools/bin/../lib/gcc/arm-none-eabi/12.3.1/../../../../arm-none-eabi/lib/thumb/v8-m.main+fp/hard\libc_nano.a(libc_a-findfp.o)
                0x0800b674                __sinit
 .text._fwalk_sglue
                0x0800b6a4       0x3c C:/Program Files/STMicroelectronics/STM32Cube/STM32CubeIDE_1.14.1/STM32CubeIDE/plugins/com.st.stm32cube.ide.mcu.externaltools.gnu-tools-for-stm32.12.3.rel1.win32_1.0.100.202403111256/tools/bin/../lib/gcc/arm-none-eabi/12.3.1/../../../../arm-none-eabi/lib/thumb/v8-m.main+fp/hard\libc_nano.a(libc_a-fwalk.o)
                0x0800b6a4                _fwalk_sglue
 .text.printf   0x0800b6e0       0x24 C:/Program Files/STMicroelectronics/STM32Cube/STM32CubeIDE_1.14.1/STM32CubeIDE/plugins/com.st.stm32cube.ide.mcu.externaltools.gnu-tools-for-stm32.12.3.rel1.win32_1.0.100.202403111256/tools/bin/../lib/gcc/arm-none-eabi/12.3.1/../../../../arm-none-eabi/lib/thumb/v8-m.main+fp/hard\libc_nano.a(libc_a-printf.o)
                0x0800b6e0                iprintf
                0x0800b6e0                printf
 .text.putchar  0x0800b704       0x10 C:/Program Files/STMicroelectronics/STM32Cube/STM32CubeIDE_1.14.1/STM32CubeIDE/plugins/com.st.stm32cube.ide.mcu.externaltools.gnu-tools-for-stm32.12.3.rel1.win32_1.0.100.202403111256/tools/bin/../lib/gcc/arm-none-eabi/12.3.1/../../../../arm-none-eabi/lib/thumb/v8-m.main+fp/hard\libc_nano.a(libc_a-putchar.o)
                0x0800b704                putchar
 .text.__sread  0x0800b714       0x22 C:/Program Files/STMicroelectronics/STM32Cube/STM32CubeIDE_1.14.1/STM32CubeIDE/plugins/com.st.stm32cube.ide.mcu.externaltools.gnu-tools-for-stm32.12.3.rel1.win32_1.0.100.202403111256/tools/bin/../lib/gcc/arm-none-eabi/12.3.1/../../../../arm-none-eabi/lib/thumb/v8-m.main+fp/hard\libc_nano.a(libc_a-stdio.o)
                0x0800b714                __sread
 .text.__swrite
                0x0800b736       0x38 C:/Program Files/STMicroelectronics/STM32Cube/STM32CubeIDE_1.14.1/STM32CubeIDE/plugins/com.st.stm32cube.ide.mcu.externaltools.gnu-tools-for-stm32.12.3.rel1.win32_1.0.100.202403111256/tools/bin/../lib/gcc/arm-none-eabi/12.3.1/../../../../arm-none-eabi/lib/thumb/v8-m.main+fp/hard\libc_nano.a(libc_a-stdio.o)
                0x0800b736                __swrite
 .text.__sseek  0x0800b76e       0x24 C:/Program Files/STMicroelectronics/STM32Cube/STM32CubeIDE_1.14.1/STM32CubeIDE/plugins/com.st.stm32cube.ide.mcu.externaltools.gnu-tools-for-stm32.12.3.rel1.win32_1.0.100.202403111256/tools/bin/../lib/gcc/arm-none-eabi/12.3.1/../../../../arm-none-eabi/lib/thumb/v8-m.main+fp/hard\libc_nano.a(libc_a-stdio.o)
                0x0800b76e                __sseek
 .text.__sclose
                0x0800b792        0x8 C:/Program Files/STMicroelectronics/STM32Cube/STM32CubeIDE_1.14.1/STM32CubeIDE/plugins/com.st.stm32cube.ide.mcu.externaltools.gnu-tools-for-stm32.12.3.rel1.win32_1.0.100.202403111256/tools/bin/../lib/gcc/arm-none-eabi/12.3.1/../../../../arm-none-eabi/lib/thumb/v8-m.main+fp/hard\libc_nano.a(libc_a-stdio.o)
                0x0800b792                __sclose
 .text.memset   0x0800b79a       0x10 C:/Program Files/STMicroelectronics/STM32Cube/STM32CubeIDE_1.14.1/STM32CubeIDE/plugins/com.st.stm32cube.ide.mcu.externaltools.gnu-tools-for-stm32.12.3.rel1.win32_1.0.100.202403111256/tools/bin/../lib/gcc/arm-none-eabi/12.3.1/../../../../arm-none-eabi/lib/thumb/v8-m.main+fp/hard\libc_nano.a(libc_a-memset.o)
                0x0800b79a                memset
 *fill*         0x0800b7aa        0x2 
 .text._close_r
                0x0800b7ac       0x20 C:/Program Files/STMicroelectronics/STM32Cube/STM32CubeIDE_1.14.1/STM32CubeIDE/plugins/com.st.stm32cube.ide.mcu.externaltools.gnu-tools-for-stm32.12.3.rel1.win32_1.0.100.202403111256/tools/bin/../lib/gcc/arm-none-eabi/12.3.1/../../../../arm-none-eabi/lib/thumb/v8-m.main+fp/hard\libc_nano.a(libc_a-closer.o)
                0x0800b7ac                _close_r
 .text._lseek_r
                0x0800b7cc       0x24 C:/Program Files/STMicroelectronics/STM32Cube/STM32CubeIDE_1.14.1/STM32CubeIDE/plugins/com.st.stm32cube.ide.mcu.externaltools.gnu-tools-for-stm32.12.3.rel1.win32_1.0.100.202403111256/tools/bin/../lib/gcc/arm-none-eabi/12.3.1/../../../../arm-none-eabi/lib/thumb/v8-m.main+fp/hard\libc_nano.a(libc_a-lseekr.o)
                0x0800b7cc                _lseek_r
 .text._read_r  0x0800b7f0       0x24 C:/Program Files/STMicroelectronics/STM32Cube/STM32CubeIDE_1.14.1/STM32CubeIDE/plugins/com.st.stm32cube.ide.mcu.externaltools.gnu-tools-for-stm32.12.3.rel1.win32_1.0.100.202403111256/tools/bin/../lib/gcc/arm-none-eabi/12.3.1/../../../../arm-none-eabi/lib/thumb/v8-m.main+fp/hard\libc_nano.a(libc_a-readr.o)
                0x0800b7f0                _read_r
 .text._write_r
                0x0800b814       0x24 C:/Program Files/STMicroelectronics/STM32Cube/STM32CubeIDE_1.14.1/STM32CubeIDE/plugins/com.st.stm32cube.ide.mcu.externaltools.gnu-tools-for-stm32.12.3.rel1.win32_1.0.100.202403111256/tools/bin/../lib/gcc/arm-none-eabi/12.3.1/../../../../arm-none-eabi/lib/thumb/v8-m.main+fp/hard\libc_nano.a(libc_a-writer.o)
                0x0800b814                _write_r
 .text.__errno  0x0800b838        0xc C:/Program Files/STMicroelectronics/STM32Cube/STM32CubeIDE_1.14.1/STM32CubeIDE/plugins/com.st.stm32cube.ide.mcu.externaltools.gnu-tools-for-stm32.12.3.rel1.win32_1.0.100.202403111256/tools/bin/../lib/gcc/arm-none-eabi/12.3.1/../../../../arm-none-eabi/lib/thumb/v8-m.main+fp/hard\libc_nano.a(libc_a-errno.o)
                0x0800b838                __errno
 .text.__libc_init_array
                0x0800b844       0x48 C:/Program Files/STMicroelectronics/STM32Cube/STM32CubeIDE_1.14.1/STM32CubeIDE/plugins/com.st.stm32cube.ide.mcu.externaltools.gnu-tools-for-stm32.12.3.rel1.win32_1.0.100.202403111256/tools/bin/../lib/gcc/arm-none-eabi/12.3.1/../../../../arm-none-eabi/lib/thumb/v8-m.main+fp/hard\libc_nano.a(libc_a-init.o)
                0x0800b844                __libc_init_array
 .text.__retarget_lock_init_recursive
                0x0800b88c        0x2 C:/Program Files/STMicroelectronics/STM32Cube/STM32CubeIDE_1.14.1/STM32CubeIDE/plugins/com.st.stm32cube.ide.mcu.externaltools.gnu-tools-for-stm32.12.3.rel1.win32_1.0.100.202403111256/tools/bin/../lib/gcc/arm-none-eabi/12.3.1/../../../../arm-none-eabi/lib/thumb/v8-m.main+fp/hard\libc_nano.a(libc_a-lock.o)
                0x0800b88c                __retarget_lock_init_recursive
 .text.__retarget_lock_acquire_recursive
                0x0800b88e        0x2 C:/Program Files/STMicroelectronics/STM32Cube/STM32CubeIDE_1.14.1/STM32CubeIDE/plugins/com.st.stm32cube.ide.mcu.externaltools.gnu-tools-for-stm32.12.3.rel1.win32_1.0.100.202403111256/tools/bin/../lib/gcc/arm-none-eabi/12.3.1/../../../../arm-none-eabi/lib/thumb/v8-m.main+fp/hard\libc_nano.a(libc_a-lock.o)
                0x0800b88e                __retarget_lock_acquire_recursive
 .text.__retarget_lock_release_recursive
                0x0800b890        0x2 C:/Program Files/STMicroelectronics/STM32Cube/STM32CubeIDE_1.14.1/STM32CubeIDE/plugins/com.st.stm32cube.ide.mcu.externaltools.gnu-tools-for-stm32.12.3.rel1.win32_1.0.100.202403111256/tools/bin/../lib/gcc/arm-none-eabi/12.3.1/../../../../arm-none-eabi/lib/thumb/v8-m.main+fp/hard\libc_nano.a(libc_a-lock.o)
                0x0800b890                __retarget_lock_release_recursive
 .text.memcpy   0x0800b892       0x1a C:/Program Files/STMicroelectronics/STM32Cube/STM32CubeIDE_1.14.1/STM32CubeIDE/plugins/com.st.stm32cube.ide.mcu.externaltools.gnu-tools-for-stm32.12.3.rel1.win32_1.0.100.202403111256/tools/bin/../lib/gcc/arm-none-eabi/12.3.1/../../../../arm-none-eabi/lib/thumb/v8-m.main+fp/hard\libc_nano.a(libc_a-memcpy-stub.o)
                0x0800b892                memcpy
 .text._free_r  0x0800b8ac       0x94 C:/Program Files/STMicroelectronics/STM32Cube/STM32CubeIDE_1.14.1/STM32CubeIDE/plugins/com.st.stm32cube.ide.mcu.externaltools.gnu-tools-for-stm32.12.3.rel1.win32_1.0.100.202403111256/tools/bin/../lib/gcc/arm-none-eabi/12.3.1/../../../../arm-none-eabi/lib/thumb/v8-m.main+fp/hard\libc_nano.a(libc_a-freer.o)
                0x0800b8ac                _free_r
 .text.sbrk_aligned
                0x0800b940       0x44 C:/Program Files/STMicroelectronics/STM32Cube/STM32CubeIDE_1.14.1/STM32CubeIDE/plugins/com.st.stm32cube.ide.mcu.externaltools.gnu-tools-for-stm32.12.3.rel1.win32_1.0.100.202403111256/tools/bin/../lib/gcc/arm-none-eabi/12.3.1/../../../../arm-none-eabi/lib/thumb/v8-m.main+fp/hard\libc_nano.a(libc_a-mallocr.o)
 .text._malloc_r
                0x0800b984      0x100 C:/Program Files/STMicroelectronics/STM32Cube/STM32CubeIDE_1.14.1/STM32CubeIDE/plugins/com.st.stm32cube.ide.mcu.externaltools.gnu-tools-for-stm32.12.3.rel1.win32_1.0.100.202403111256/tools/bin/../lib/gcc/arm-none-eabi/12.3.1/../../../../arm-none-eabi/lib/thumb/v8-m.main+fp/hard\libc_nano.a(libc_a-mallocr.o)
                0x0800b984                _malloc_r
 .text.__malloc_lock
                0x0800ba84        0xc C:/Program Files/STMicroelectronics/STM32Cube/STM32CubeIDE_1.14.1/STM32CubeIDE/plugins/com.st.stm32cube.ide.mcu.externaltools.gnu-tools-for-stm32.12.3.rel1.win32_1.0.100.202403111256/tools/bin/../lib/gcc/arm-none-eabi/12.3.1/../../../../arm-none-eabi/lib/thumb/v8-m.main+fp/hard\libc_nano.a(libc_a-mlock.o)
                0x0800ba84                __malloc_lock
 .text.__malloc_unlock
                0x0800ba90        0xc C:/Program Files/STMicroelectronics/STM32Cube/STM32CubeIDE_1.14.1/STM32CubeIDE/plugins/com.st.stm32cube.ide.mcu.externaltools.gnu-tools-for-stm32.12.3.rel1.win32_1.0.100.202403111256/tools/bin/../lib/gcc/arm-none-eabi/12.3.1/../../../../arm-none-eabi/lib/thumb/v8-m.main+fp/hard\libc_nano.a(libc_a-mlock.o)
                0x0800ba90                __malloc_unlock
 .text.__sfputc_r
                0x0800ba9c       0x2e C:/Program Files/STMicroelectronics/STM32Cube/STM32CubeIDE_1.14.1/STM32CubeIDE/plugins/com.st.stm32cube.ide.mcu.externaltools.gnu-tools-for-stm32.12.3.rel1.win32_1.0.100.202403111256/tools/bin/../lib/gcc/arm-none-eabi/12.3.1/../../../../arm-none-eabi/lib/thumb/v8-m.main+fp/hard\libc_nano.a(libc_a-nano-vfprintf.o)
 .text.__sfputs_r
                0x0800baca       0x24 C:/Program Files/STMicroelectronics/STM32Cube/STM32CubeIDE_1.14.1/STM32CubeIDE/plugins/com.st.stm32cube.ide.mcu.externaltools.gnu-tools-for-stm32.12.3.rel1.win32_1.0.100.202403111256/tools/bin/../lib/gcc/arm-none-eabi/12.3.1/../../../../arm-none-eabi/lib/thumb/v8-m.main+fp/hard\libc_nano.a(libc_a-nano-vfprintf.o)
                0x0800baca                __sfputs_r
 *fill*         0x0800baee        0x2 
 .text._vfprintf_r
                0x0800baf0      0x230 C:/Program Files/STMicroelectronics/STM32Cube/STM32CubeIDE_1.14.1/STM32CubeIDE/plugins/com.st.stm32cube.ide.mcu.externaltools.gnu-tools-for-stm32.12.3.rel1.win32_1.0.100.202403111256/tools/bin/../lib/gcc/arm-none-eabi/12.3.1/../../../../arm-none-eabi/lib/thumb/v8-m.main+fp/hard\libc_nano.a(libc_a-nano-vfprintf.o)
                0x0800baf0                _vfprintf_r
                0x0800baf0                _vfiprintf_r
 .text._printf_common
                0x0800bd20       0xe4 C:/Program Files/STMicroelectronics/STM32Cube/STM32CubeIDE_1.14.1/STM32CubeIDE/plugins/com.st.stm32cube.ide.mcu.externaltools.gnu-tools-for-stm32.12.3.rel1.win32_1.0.100.202403111256/tools/bin/../lib/gcc/arm-none-eabi/12.3.1/../../../../arm-none-eabi/lib/thumb/v8-m.main+fp/hard\libc_nano.a(libc_a-nano-vfprintf_i.o)
                0x0800bd20                _printf_common
 .text._printf_i
                0x0800be04      0x240 C:/Program Files/STMicroelectronics/STM32Cube/STM32CubeIDE_1.14.1/STM32CubeIDE/plugins/com.st.stm32cube.ide.mcu.externaltools.gnu-tools-for-stm32.12.3.rel1.win32_1.0.100.202403111256/tools/bin/../lib/gcc/arm-none-eabi/12.3.1/../../../../arm-none-eabi/lib/thumb/v8-m.main+fp/hard\libc_nano.a(libc_a-nano-vfprintf_i.o)
                0x0800be04                _printf_i
 .text.__sflush_r
                0x0800c044      0x108 C:/Program Files/STMicroelectronics/STM32Cube/STM32CubeIDE_1.14.1/STM32CubeIDE/plugins/com.st.stm32cube.ide.mcu.externaltools.gnu-tools-for-stm32.12.3.rel1.win32_1.0.100.202403111256/tools/bin/../lib/gcc/arm-none-eabi/12.3.1/../../../../arm-none-eabi/lib/thumb/v8-m.main+fp/hard\libc_nano.a(libc_a-fflush.o)
                0x0800c044                __sflush_r
 .text._fflush_r
                0x0800c14c       0x50 C:/Program Files/STMicroelectronics/STM32Cube/STM32CubeIDE_1.14.1/STM32CubeIDE/plugins/com.st.stm32cube.ide.mcu.externaltools.gnu-tools-for-stm32.12.3.rel1.win32_1.0.100.202403111256/tools/bin/../lib/gcc/arm-none-eabi/12.3.1/../../../../arm-none-eabi/lib/thumb/v8-m.main+fp/hard\libc_nano.a(libc_a-fflush.o)
                0x0800c14c                _fflush_r
 .text._putc_r  0x0800c19c       0x68 C:/Program Files/STMicroelectronics/STM32Cube/STM32CubeIDE_1.14.1/STM32CubeIDE/plugins/com.st.stm32cube.ide.mcu.externaltools.gnu-tools-for-stm32.12.3.rel1.win32_1.0.100.202403111256/tools/bin/../lib/gcc/arm-none-eabi/12.3.1/../../../../arm-none-eabi/lib/thumb/v8-m.main+fp/hard\libc_nano.a(libc_a-putc.o)
                0x0800c19c                _putc_r
 .text.__swbuf_r
                0x0800c204       0x7c C:/Program Files/STMicroelectronics/STM32Cube/STM32CubeIDE_1.14.1/STM32CubeIDE/plugins/com.st.stm32cube.ide.mcu.externaltools.gnu-tools-for-stm32.12.3.rel1.win32_1.0.100.202403111256/tools/bin/../lib/gcc/arm-none-eabi/12.3.1/../../../../arm-none-eabi/lib/thumb/v8-m.main+fp/hard\libc_nano.a(libc_a-wbuf.o)
                0x0800c204                __swbuf_r
 .text.__swsetup_r
                0x0800c280       0xac C:/Program Files/STMicroelectronics/STM32Cube/STM32CubeIDE_1.14.1/STM32CubeIDE/plugins/com.st.stm32cube.ide.mcu.externaltools.gnu-tools-for-stm32.12.3.rel1.win32_1.0.100.202403111256/tools/bin/../lib/gcc/arm-none-eabi/12.3.1/../../../../arm-none-eabi/lib/thumb/v8-m.main+fp/hard\libc_nano.a(libc_a-wsetup.o)
                0x0800c280                __swsetup_r
 .text._sbrk_r  0x0800c32c       0x20 C:/Program Files/STMicroelectronics/STM32Cube/STM32CubeIDE_1.14.1/STM32CubeIDE/plugins/com.st.stm32cube.ide.mcu.externaltools.gnu-tools-for-stm32.12.3.rel1.win32_1.0.100.202403111256/tools/bin/../lib/gcc/arm-none-eabi/12.3.1/../../../../arm-none-eabi/lib/thumb/v8-m.main+fp/hard\libc_nano.a(libc_a-sbrkr.o)
                0x0800c32c                _sbrk_r
 .text.memchr   0x0800c34c       0x1c C:/Program Files/STMicroelectronics/STM32Cube/STM32CubeIDE_1.14.1/STM32CubeIDE/plugins/com.st.stm32cube.ide.mcu.externaltools.gnu-tools-for-stm32.12.3.rel1.win32_1.0.100.202403111256/tools/bin/../lib/gcc/arm-none-eabi/12.3.1/../../../../arm-none-eabi/lib/thumb/v8-m.main+fp/hard\libc_nano.a(libc_a-memchr-stub.o)
                0x0800c34c                memchr
 .text.__swhatbuf_r
                0x0800c368       0x4a C:/Program Files/STMicroelectronics/STM32Cube/STM32CubeIDE_1.14.1/STM32CubeIDE/plugins/com.st.stm32cube.ide.mcu.externaltools.gnu-tools-for-stm32.12.3.rel1.win32_1.0.100.202403111256/tools/bin/../lib/gcc/arm-none-eabi/12.3.1/../../../../arm-none-eabi/lib/thumb/v8-m.main+fp/hard\libc_nano.a(libc_a-makebuf.o)
                0x0800c368                __swhatbuf_r
 .text.__smakebuf_r
                0x0800c3b2       0x78 C:/Program Files/STMicroelectronics/STM32Cube/STM32CubeIDE_1.14.1/STM32CubeIDE/plugins/com.st.stm32cube.ide.mcu.externaltools.gnu-tools-for-stm32.12.3.rel1.win32_1.0.100.202403111256/tools/bin/../lib/gcc/arm-none-eabi/12.3.1/../../../../arm-none-eabi/lib/thumb/v8-m.main+fp/hard\libc_nano.a(libc_a-makebuf.o)
                0x0800c3b2                __smakebuf_r
 *fill*         0x0800c42a        0x2 
 .text._fstat_r
                0x0800c42c       0x24 C:/Program Files/STMicroelectronics/STM32Cube/STM32CubeIDE_1.14.1/STM32CubeIDE/plugins/com.st.stm32cube.ide.mcu.externaltools.gnu-tools-for-stm32.12.3.rel1.win32_1.0.100.202403111256/tools/bin/../lib/gcc/arm-none-eabi/12.3.1/../../../../arm-none-eabi/lib/thumb/v8-m.main+fp/hard\libc_nano.a(libc_a-fstatr.o)
                0x0800c42c                _fstat_r
 .text._isatty_r
                0x0800c450       0x20 C:/Program Files/STMicroelectronics/STM32Cube/STM32CubeIDE_1.14.1/STM32CubeIDE/plugins/com.st.stm32cube.ide.mcu.externaltools.gnu-tools-for-stm32.12.3.rel1.win32_1.0.100.202403111256/tools/bin/../lib/gcc/arm-none-eabi/12.3.1/../../../../arm-none-eabi/lib/thumb/v8-m.main+fp/hard\libc_nano.a(libc_a-isattyr.o)
                0x0800c450                _isatty_r
 .text.expf     0x0800c470       0x6c C:/Program Files/STMicroelectronics/STM32Cube/STM32CubeIDE_1.14.1/STM32CubeIDE/plugins/com.st.stm32cube.ide.mcu.externaltools.gnu-tools-for-stm32.12.3.rel1.win32_1.0.100.202403111256/tools/bin/../lib/gcc/arm-none-eabi/12.3.1/../../../../arm-none-eabi/lib/thumb/v8-m.main+fp/hard\libm.a(libm_a-wf_exp.o)
                0x0800c470                expf
 .text.sqrtf    0x0800c4dc       0x3c C:/Program Files/STMicroelectronics/STM32Cube/STM32CubeIDE_1.14.1/STM32CubeIDE/plugins/com.st.stm32cube.ide.mcu.externaltools.gnu-tools-for-stm32.12.3.rel1.win32_1.0.100.202403111256/tools/bin/../lib/gcc/arm-none-eabi/12.3.1/../../../../arm-none-eabi/lib/thumb/v8-m.main+fp/hard\libm.a(libm_a-wf_sqrt.o)
                0x0800c4dc                sqrtf
 .text.finitef  0x0800c518       0x14 C:/Program Files/STMicroelectronics/STM32Cube/STM32CubeIDE_1.14.1/STM32CubeIDE/plugins/com.st.stm32cube.ide.mcu.externaltools.gnu-tools-for-stm32.12.3.rel1.win32_1.0.100.202403111256/tools/bin/../lib/gcc/arm-none-eabi/12.3.1/../../../../arm-none-eabi/lib/thumb/v8-m.main+fp/hard\libm.a(libm_a-sf_finite.o)
                0x0800c518                finitef
 .text.__ieee754_sqrtf
                0x0800c52c        0x6 C:/Program Files/STMicroelectronics/STM32Cube/STM32CubeIDE_1.14.1/STM32CubeIDE/plugins/com.st.stm32cube.ide.mcu.externaltools.gnu-tools-for-stm32.12.3.rel1.win32_1.0.100.202403111256/tools/bin/../lib/gcc/arm-none-eabi/12.3.1/../../../../arm-none-eabi/lib/thumb/v8-m.main+fp/hard\libm.a(libm_a-ef_sqrt.o)
                0x0800c52c                __ieee754_sqrtf
 *fill*         0x0800c532        0x2 
 .text.__ieee754_expf
                0x0800c534      0x19c C:/Program Files/STMicroelectronics/STM32Cube/STM32CubeIDE_1.14.1/STM32CubeIDE/plugins/com.st.stm32cube.ide.mcu.externaltools.gnu-tools-for-stm32.12.3.rel1.win32_1.0.100.202403111256/tools/bin/../lib/gcc/arm-none-eabi/12.3.1/../../../../arm-none-eabi/lib/thumb/v8-m.main+fp/hard\libm.a(libm_a-ef_exp.o)
                0x0800c534                __ieee754_expf
 .text.with_errnof
                0x0800c6d0       0x1c C:/Program Files/STMicroelectronics/STM32Cube/STM32CubeIDE_1.14.1/STM32CubeIDE/plugins/com.st.stm32cube.ide.mcu.externaltools.gnu-tools-for-stm32.12.3.rel1.win32_1.0.100.202403111256/tools/bin/../lib/gcc/arm-none-eabi/12.3.1/../../../../arm-none-eabi/lib/thumb/v8-m.main+fp/hard\libm.a(libm_a-math_errf.o)
 .text.xflowf   0x0800c6ec       0x16 C:/Program Files/STMicroelectronics/STM32Cube/STM32CubeIDE_1.14.1/STM32CubeIDE/plugins/com.st.stm32cube.ide.mcu.externaltools.gnu-tools-for-stm32.12.3.rel1.win32_1.0.100.202403111256/tools/bin/../lib/gcc/arm-none-eabi/12.3.1/../../../../arm-none-eabi/lib/thumb/v8-m.main+fp/hard\libm.a(libm_a-math_errf.o)
 *fill*         0x0800c702        0x2 
 .text.__math_uflowf
                0x0800c704        0xc C:/Program Files/STMicroelectronics/STM32Cube/STM32CubeIDE_1.14.1/STM32CubeIDE/plugins/com.st.stm32cube.ide.mcu.externaltools.gnu-tools-for-stm32.12.3.rel1.win32_1.0.100.202403111256/tools/bin/../lib/gcc/arm-none-eabi/12.3.1/../../../../arm-none-eabi/lib/thumb/v8-m.main+fp/hard\libm.a(libm_a-math_errf.o)
                0x0800c704                __math_uflowf
 .text.__math_oflowf
                0x0800c710        0xc C:/Program Files/STMicroelectronics/STM32Cube/STM32CubeIDE_1.14.1/STM32CubeIDE/plugins/com.st.stm32cube.ide.mcu.externaltools.gnu-tools-for-stm32.12.3.rel1.win32_1.0.100.202403111256/tools/bin/../lib/gcc/arm-none-eabi/12.3.1/../../../../arm-none-eabi/lib/thumb/v8-m.main+fp/hard\libm.a(libm_a-math_errf.o)
                0x0800c710                __math_oflowf
 *(.glue_7)
 .glue_7        0x0800c71c        0x0 linker stubs
 *(.glue_7t)
 .glue_7t       0x0800c71c        0x0 linker stubs
 *(.eh_frame)
 .eh_frame      0x0800c71c        0x0 C:/Program Files/STMicroelectronics/STM32Cube/STM32CubeIDE_1.14.1/STM32CubeIDE/plugins/com.st.stm32cube.ide.mcu.externaltools.gnu-tools-for-stm32.12.3.rel1.win32_1.0.100.202403111256/tools/bin/../lib/gcc/arm-none-eabi/12.3.1/thumb/v8-m.main+fp/hard/crtbegin.o
 *(.init)
 .init          0x0800c71c        0x4 C:/Program Files/STMicroelectronics/STM32Cube/STM32CubeIDE_1.14.1/STM32CubeIDE/plugins/com.st.stm32cube.ide.mcu.externaltools.gnu-tools-for-stm32.12.3.rel1.win32_1.0.100.202403111256/tools/bin/../lib/gcc/arm-none-eabi/12.3.1/thumb/v8-m.main+fp/hard/crti.o
                0x0800c71c                _init
 .init          0x0800c720        0x8 C:/Program Files/STMicroelectronics/STM32Cube/STM32CubeIDE_1.14.1/STM32CubeIDE/plugins/com.st.stm32cube.ide.mcu.externaltools.gnu-tools-for-stm32.12.3.rel1.win32_1.0.100.202403111256/tools/bin/../lib/gcc/arm-none-eabi/12.3.1/thumb/v8-m.main+fp/hard/crtn.o
 *(.fini)
 .fini          0x0800c728        0x4 C:/Program Files/STMicroelectronics/STM32Cube/STM32CubeIDE_1.14.1/STM32CubeIDE/plugins/com.st.stm32cube.ide.mcu.externaltools.gnu-tools-for-stm32.12.3.rel1.win32_1.0.100.202403111256/tools/bin/../lib/gcc/arm-none-eabi/12.3.1/thumb/v8-m.main+fp/hard/crti.o
                0x0800c728                _fini
 .fini          0x0800c72c        0x8 C:/Program Files/STMicroelectronics/STM32Cube/STM32CubeIDE_1.14.1/STM32CubeIDE/plugins/com.st.stm32cube.ide.mcu.externaltools.gnu-tools-for-stm32.12.3.rel1.win32_1.0.100.202403111256/tools/bin/../lib/gcc/arm-none-eabi/12.3.1/thumb/v8-m.main+fp/hard/crtn.o
                0x0800c734                        . = ALIGN (0x4)
                0x0800c734                        _etext = .

.vfp11_veneer   0x0800c734        0x0
 .vfp11_veneer  0x0800c734        0x0 linker stubs

.v4_bx          0x0800c734        0x0
 .v4_bx         0x0800c734        0x0 linker stubs

.iplt           0x0800c734        0x0
 .iplt          0x0800c734        0x0 C:/Program Files/STMicroelectronics/STM32Cube/STM32CubeIDE_1.14.1/STM32CubeIDE/plugins/com.st.stm32cube.ide.mcu.externaltools.gnu-tools-for-stm32.12.3.rel1.win32_1.0.100.202403111256/tools/bin/../lib/gcc/arm-none-eabi/12.3.1/thumb/v8-m.main+fp/hard/crtbegin.o

.rodata         0x0800c734      0x30c
                0x0800c734                        . = ALIGN (0x4)
 *(.rodata)
 .rodata        0x0800c734        0x9 ./Core/Src/mems_app.o
 *(.rodata*)
 *fill*         0x0800c73d        0x3 
 .rodata.knowledge
                0x0800c740      0x278 ./Core/Src/main.o
                0x0800c740                knowledge
 .rodata.AHBPrescTable
                0x0800c9b8       0x10 ./Core/Src/system_stm32h5xx.o
                0x0800c9b8                AHBPrescTable
 .rodata.APBPrescTable
                0x0800c9c8        0x8 ./Core/Src/system_stm32h5xx.o
                0x0800c9c8                APBPrescTable
 .rodata.LED_PIN
                0x0800c9d0        0x6 ./Drivers/BSP/STM32H5xx_Nucleo/stm32h5xx_nucleo.o
 *fill*         0x0800c9d6        0x2 
 .rodata.BUTTON_EXTI_LINE.2
                0x0800c9d8        0x4 ./Drivers/BSP/STM32H5xx_Nucleo/stm32h5xx_nucleo.o
 .rodata.UARTPrescTable
                0x0800c9dc       0x18 ./Drivers/STM32H5xx_HAL_Driver/Src/stm32h5xx_hal_uart.o
                0x0800c9dc                UARTPrescTable
 .rodata._vfprintf_r.str1.1
                0x0800c9f4       0x11 C:/Program Files/STMicroelectronics/STM32Cube/STM32CubeIDE_1.14.1/STM32CubeIDE/plugins/com.st.stm32cube.ide.mcu.externaltools.gnu-tools-for-stm32.12.3.rel1.win32_1.0.100.202403111256/tools/bin/../lib/gcc/arm-none-eabi/12.3.1/../../../../arm-none-eabi/lib/thumb/v8-m.main+fp/hard\libc_nano.a(libc_a-nano-vfprintf.o)
 .rodata._printf_i.str1.1
                0x0800ca05       0x22 C:/Program Files/STMicroelectronics/STM32Cube/STM32CubeIDE_1.14.1/STM32CubeIDE/plugins/com.st.stm32cube.ide.mcu.externaltools.gnu-tools-for-stm32.12.3.rel1.win32_1.0.100.202403111256/tools/bin/../lib/gcc/arm-none-eabi/12.3.1/../../../../arm-none-eabi/lib/thumb/v8-m.main+fp/hard\libc_nano.a(libc_a-nano-vfprintf_i.o)
 *fill*         0x0800ca27        0x1 
 .rodata.ln2LO  0x0800ca28        0x8 C:/Program Files/STMicroelectronics/STM32Cube/STM32CubeIDE_1.14.1/STM32CubeIDE/plugins/com.st.stm32cube.ide.mcu.externaltools.gnu-tools-for-stm32.12.3.rel1.win32_1.0.100.202403111256/tools/bin/../lib/gcc/arm-none-eabi/12.3.1/../../../../arm-none-eabi/lib/thumb/v8-m.main+fp/hard\libm.a(libm_a-ef_exp.o)
 .rodata.ln2HI  0x0800ca30        0x8 C:/Program Files/STMicroelectronics/STM32Cube/STM32CubeIDE_1.14.1/STM32CubeIDE/plugins/com.st.stm32cube.ide.mcu.externaltools.gnu-tools-for-stm32.12.3.rel1.win32_1.0.100.202403111256/tools/bin/../lib/gcc/arm-none-eabi/12.3.1/../../../../arm-none-eabi/lib/thumb/v8-m.main+fp/hard\libm.a(libm_a-ef_exp.o)
 .rodata.halF   0x0800ca38        0x8 C:/Program Files/STMicroelectronics/STM32Cube/STM32CubeIDE_1.14.1/STM32CubeIDE/plugins/com.st.stm32cube.ide.mcu.externaltools.gnu-tools-for-stm32.12.3.rel1.win32_1.0.100.202403111256/tools/bin/../lib/gcc/arm-none-eabi/12.3.1/../../../../arm-none-eabi/lib/thumb/v8-m.main+fp/hard\libm.a(libm_a-ef_exp.o)
                0x0800ca40                        . = ALIGN (0x4)

.ARM.extab      0x0800ca40        0x0
                0x0800ca40                        . = ALIGN (0x4)
 *(.ARM.extab* .gnu.linkonce.armextab.*)
                0x0800ca40                        . = ALIGN (0x4)

.ARM            0x0800ca40        0x8
                0x0800ca40                        . = ALIGN (0x4)
                0x0800ca40                        __exidx_start = .
 *(.ARM.exidx*)
 .ARM.exidx     0x0800ca40        0x8 C:/Program Files/STMicroelectronics/STM32Cube/STM32CubeIDE_1.14.1/STM32CubeIDE/plugins/com.st.stm32cube.ide.mcu.externaltools.gnu-tools-for-stm32.12.3.rel1.win32_1.0.100.202403111256/tools/bin/../lib/gcc/arm-none-eabi/12.3.1/thumb/v8-m.main+fp/hard\libgcc.a(_udivmoddi4.o)
                0x0800ca48                        __exidx_end = .
                0x0800ca48                        . = ALIGN (0x4)

.preinit_array  0x0800ca48        0x0
                0x0800ca48                        . = ALIGN (0x4)
                0x0800ca48                        PROVIDE (__preinit_array_start = .)
 *(.preinit_array*)
                0x0800ca48                        PROVIDE (__preinit_array_end = .)
                0x0800ca48                        . = ALIGN (0x4)

.init_array     0x0800ca48        0x4
                0x0800ca48                        . = ALIGN (0x4)
                0x0800ca48                        PROVIDE (__init_array_start = .)
 *(SORT_BY_NAME(.init_array.*))
 *(.init_array*)
 .init_array    0x0800ca48        0x4 C:/Program Files/STMicroelectronics/STM32Cube/STM32CubeIDE_1.14.1/STM32CubeIDE/plugins/com.st.stm32cube.ide.mcu.externaltools.gnu-tools-for-stm32.12.3.rel1.win32_1.0.100.202403111256/tools/bin/../lib/gcc/arm-none-eabi/12.3.1/thumb/v8-m.main+fp/hard/crtbegin.o
                0x0800ca4c                        PROVIDE (__init_array_end = .)
                0x0800ca4c                        . = ALIGN (0x4)

.fini_array     0x0800ca4c        0x4
                0x0800ca4c                        . = ALIGN (0x4)
                [!provide]                        PROVIDE (__fini_array_start = .)
 *(SORT_BY_NAME(.fini_array.*))
 *(.fini_array*)
 .fini_array    0x0800ca4c        0x4 C:/Program Files/STMicroelectronics/STM32Cube/STM32CubeIDE_1.14.1/STM32CubeIDE/plugins/com.st.stm32cube.ide.mcu.externaltools.gnu-tools-for-stm32.12.3.rel1.win32_1.0.100.202403111256/tools/bin/../lib/gcc/arm-none-eabi/12.3.1/thumb/v8-m.main+fp/hard/crtbegin.o
                [!provide]                        PROVIDE (__fini_array_end = .)
                0x0800ca50                        . = ALIGN (0x4)
                0x0800ca50                        _sidata = LOADADDR (.data)

.rel.dyn        0x0800ca50        0x0
 .rel.iplt      0x0800ca50        0x0 C:/Program Files/STMicroelectronics/STM32Cube/STM32CubeIDE_1.14.1/STM32CubeIDE/plugins/com.st.stm32cube.ide.mcu.externaltools.gnu-tools-for-stm32.12.3.rel1.win32_1.0.100.202403111256/tools/bin/../lib/gcc/arm-none-eabi/12.3.1/thumb/v8-m.main+fp/hard/crtbegin.o

.data           0x20000000       0x88 load address 0x0800ca50
                0x20000000                        . = ALIGN (0x4)
                0x20000000                        _sdata = .
 *(.data)
 *(.data*)
 .data.freq16khz
                0x20000000        0x1 ./Core/Src/main.o
                0x20000000                freq16khz
 *fill*         0x20000001        0x3 
 .data.SystemCoreClock
                0x20000004        0x4 ./Core/Src/system_stm32h5xx.o
                0x20000004                SystemCoreClock
 .data.COM_USART
                0x20000008        0x4 ./Drivers/BSP/STM32H5xx_Nucleo/stm32h5xx_nucleo.o
                0x20000008                COM_USART
 .data.LED_PORT
                0x2000000c        0xc ./Drivers/BSP/STM32H5xx_Nucleo/stm32h5xx_nucleo.o
 .data.BUTTON_PORT
                0x20000018        0x4 ./Drivers/BSP/STM32H5xx_Nucleo/stm32h5xx_nucleo.o
 .data.ButtonCallback.1
                0x2000001c        0x4 ./Drivers/BSP/STM32H5xx_Nucleo/stm32h5xx_nucleo.o
 .data.BSP_BUTTON_PRIO.0
                0x20000020        0x4 ./Drivers/BSP/STM32H5xx_Nucleo/stm32h5xx_nucleo.o
 .data.uwTickPrio
                0x20000024        0x4 ./Drivers/STM32H5xx_HAL_Driver/Src/stm32h5xx_hal.o
                0x20000024                uwTickPrio
 .data.uwTickFreq
                0x20000028        0x1 ./Drivers/STM32H5xx_HAL_Driver/Src/stm32h5xx_hal.o
                0x20000028                uwTickFreq
 .data.funccoutlier90
                0x20000029        0x1 C:\WorkSpace\TDM_STM32H563_LSM6DSV16BX\NanoEdgeAI\libneai.a(NanoEdgeAI.o)
 *fill*         0x2000002a        0x2 
 .data.__sglue  0x2000002c        0xc C:/Program Files/STMicroelectronics/STM32Cube/STM32CubeIDE_1.14.1/STM32CubeIDE/plugins/com.st.stm32cube.ide.mcu.externaltools.gnu-tools-for-stm32.12.3.rel1.win32_1.0.100.202403111256/tools/bin/../lib/gcc/arm-none-eabi/12.3.1/../../../../arm-none-eabi/lib/thumb/v8-m.main+fp/hard\libc_nano.a(libc_a-findfp.o)
                0x2000002c                __sglue
 .data._impure_ptr
                0x20000038        0x4 C:/Program Files/STMicroelectronics/STM32Cube/STM32CubeIDE_1.14.1/STM32CubeIDE/plugins/com.st.stm32cube.ide.mcu.externaltools.gnu-tools-for-stm32.12.3.rel1.win32_1.0.100.202403111256/tools/bin/../lib/gcc/arm-none-eabi/12.3.1/../../../../arm-none-eabi/lib/thumb/v8-m.main+fp/hard\libc_nano.a(libc_a-impure.o)
                0x20000038                _impure_ptr
 .data._impure_data
                0x2000003c       0x4c C:/Program Files/STMicroelectronics/STM32Cube/STM32CubeIDE_1.14.1/STM32CubeIDE/plugins/com.st.stm32cube.ide.mcu.externaltools.gnu-tools-for-stm32.12.3.rel1.win32_1.0.100.202403111256/tools/bin/../lib/gcc/arm-none-eabi/12.3.1/../../../../arm-none-eabi/lib/thumb/v8-m.main+fp/hard\libc_nano.a(libc_a-impure.o)
                0x2000003c                _impure_data
 *(.RamFunc)
 *(.RamFunc*)
                0x20000088                        . = ALIGN (0x4)
                0x20000088                        _edata = .

.igot.plt       0x20000088        0x0 load address 0x0800cad8
 .igot.plt      0x20000088        0x0 C:/Program Files/STMicroelectronics/STM32Cube/STM32CubeIDE_1.14.1/STM32CubeIDE/plugins/com.st.stm32cube.ide.mcu.externaltools.gnu-tools-for-stm32.12.3.rel1.win32_1.0.100.202403111256/tools/bin/../lib/gcc/arm-none-eabi/12.3.1/thumb/v8-m.main+fp/hard/crtbegin.o
                0x20000088                        . = ALIGN (0x4)

.bss            0x20000088     0x8cc0 load address 0x0800cad8
                0x20000088                        _sbss = .
                0x20000088                        __bss_start__ = _sbss
 *(.bss)
 .bss           0x20000088       0x1c C:/Program Files/STMicroelectronics/STM32Cube/STM32CubeIDE_1.14.1/STM32CubeIDE/plugins/com.st.stm32cube.ide.mcu.externaltools.gnu-tools-for-stm32.12.3.rel1.win32_1.0.100.202403111256/tools/bin/../lib/gcc/arm-none-eabi/12.3.1/thumb/v8-m.main+fp/hard/crtbegin.o
 *(.bss*)
 .bss.hi2c1     0x200000a4       0x54 ./Core/Src/i2c.o
                0x200000a4                hi2c1
 .bss.hi2s1     0x200000f8       0x54 ./Core/Src/i2s.o
                0x200000f8                hi2s1
 .bss.buff      0x2000014c        0x8 ./Core/Src/lsm6dsv16bx.o
                0x2000014c                buff
 .bss.BspCOMInit
                0x20000154       0x10 ./Core/Src/main.o
                0x20000154                BspCOMInit
 .bss.motionValue
                0x20000164        0xc ./Core/Src/main.o
                0x20000164                motionValue
 .bss.motionBuffer
                0x20000170     0x300c ./Core/Src/main.o
                0x20000170                motionBuffer
 .bss.MotionBuffer
                0x2000317c     0x300c ./Core/Src/mems_app.o
                0x2000317c                MotionBuffer
 .bss.oneclass_result
                0x20006188        0x1 ./Core/Src/mems_app.o
                0x20006188                oneclass_result
 *fill*         0x20006189        0x3 
 .bss.handle_GPDMA1_Channel0
                0x2000618c       0x78 ./Core/Src/sai.o
                0x2000618c                handle_GPDMA1_Channel0
 .bss.__sbrk_heap_end
                0x20006204        0x4 ./Core/Src/sysmem.o
 .bss.htim7     0x20006208       0x4c ./Core/Src/tim.o
                0x20006208                htim7
 .bss.hpb_exti  0x20006254        0xc ./Drivers/BSP/STM32H5xx_Nucleo/stm32h5xx_nucleo.o
                0x20006254                hpb_exti
 .bss.hcom_uart
                0x20006260       0x94 ./Drivers/BSP/STM32H5xx_Nucleo/stm32h5xx_nucleo.o
                0x20006260                hcom_uart
 .bss.COM_ActiveLogPort
                0x200062f4        0x1 ./Drivers/BSP/STM32H5xx_Nucleo/stm32h5xx_nucleo.o
 *fill*         0x200062f5        0x3 
 .bss.uwTick    0x200062f8        0x4 ./Drivers/STM32H5xx_HAL_Driver/Src/stm32h5xx_hal.o
                0x200062f8                uwTick
 .bss.funccoutlier86
                0x200062fc       0x44 C:\WorkSpace\TDM_STM32H563_LSM6DSV16BX\NanoEdgeAI\libneai.a(NanoEdgeAI.o)
 .bss.funccoutlier84
                0x20006340       0x44 C:\WorkSpace\TDM_STM32H563_LSM6DSV16BX\NanoEdgeAI\libneai.a(NanoEdgeAI.o)
 .bss.varcoutlier82
                0x20006384        0x4 C:\WorkSpace\TDM_STM32H563_LSM6DSV16BX\NanoEdgeAI\libneai.a(NanoEdgeAI.o)
 .bss.varcoutlier81
                0x20006388        0x4 C:\WorkSpace\TDM_STM32H563_LSM6DSV16BX\NanoEdgeAI\libneai.a(NanoEdgeAI.o)
 .bss.varcoutlier80
                0x2000638c        0x4 C:\WorkSpace\TDM_STM32H563_LSM6DSV16BX\NanoEdgeAI\libneai.a(NanoEdgeAI.o)
 .bss.varcoutlier77
                0x20006390        0x4 C:\WorkSpace\TDM_STM32H563_LSM6DSV16BX\NanoEdgeAI\libneai.a(NanoEdgeAI.o)
 .bss.varcoutlier76
                0x20006394        0x4 C:\WorkSpace\TDM_STM32H563_LSM6DSV16BX\NanoEdgeAI\libneai.a(NanoEdgeAI.o)
 .bss.varcoutlier75
                0x20006398       0x44 C:\WorkSpace\TDM_STM32H563_LSM6DSV16BX\NanoEdgeAI\libneai.a(NanoEdgeAI.o)
 .bss.funccoutlier19
                0x200063dc        0x2 C:\WorkSpace\TDM_STM32H563_LSM6DSV16BX\NanoEdgeAI\libneai.a(NanoEdgeAI.o)
 .bss.funccoutlier18
                0x200063de        0x2 C:\WorkSpace\TDM_STM32H563_LSM6DSV16BX\NanoEdgeAI\libneai.a(NanoEdgeAI.o)
 .bss.funccoutlier17
                0x200063e0        0x6 C:\WorkSpace\TDM_STM32H563_LSM6DSV16BX\NanoEdgeAI\libneai.a(NanoEdgeAI.o)
 *fill*         0x200063e6        0x2 
 .bss.funccoutlier16
                0x200063e8        0x6 C:\WorkSpace\TDM_STM32H563_LSM6DSV16BX\NanoEdgeAI\libneai.a(NanoEdgeAI.o)
 *fill*         0x200063ee        0x2 
 .bss.funccoutlier14
                0x200063f0      0x800 C:\WorkSpace\TDM_STM32H563_LSM6DSV16BX\NanoEdgeAI\libneai.a(NanoEdgeAI.o)
 .bss.funccoutlier13
                0x20006bf0     0x1000 C:\WorkSpace\TDM_STM32H563_LSM6DSV16BX\NanoEdgeAI\libneai.a(NanoEdgeAI.o)
 .bss.funccoutlier12
                0x20007bf0     0x1000 C:\WorkSpace\TDM_STM32H563_LSM6DSV16BX\NanoEdgeAI\libneai.a(NanoEdgeAI.o)
 .bss.varcoutlier6
                0x20008bf0        0x4 C:\WorkSpace\TDM_STM32H563_LSM6DSV16BX\NanoEdgeAI\libneai.a(NanoEdgeAI.o)
 .bss.varcoutlier5
                0x20008bf4        0x4 C:\WorkSpace\TDM_STM32H563_LSM6DSV16BX\NanoEdgeAI\libneai.a(NanoEdgeAI.o)
 .bss.varcoutlier2
                0x20008bf8        0x4 C:\WorkSpace\TDM_STM32H563_LSM6DSV16BX\NanoEdgeAI\libneai.a(NanoEdgeAI.o)
 .bss.__sf      0x20008bfc      0x138 C:/Program Files/STMicroelectronics/STM32Cube/STM32CubeIDE_1.14.1/STM32CubeIDE/plugins/com.st.stm32cube.ide.mcu.externaltools.gnu-tools-for-stm32.12.3.rel1.win32_1.0.100.202403111256/tools/bin/../lib/gcc/arm-none-eabi/12.3.1/../../../../arm-none-eabi/lib/thumb/v8-m.main+fp/hard\libc_nano.a(libc_a-findfp.o)
                0x20008bfc                __sf
 .bss.__stdio_exit_handler
                0x20008d34        0x4 C:/Program Files/STMicroelectronics/STM32Cube/STM32CubeIDE_1.14.1/STM32CubeIDE/plugins/com.st.stm32cube.ide.mcu.externaltools.gnu-tools-for-stm32.12.3.rel1.win32_1.0.100.202403111256/tools/bin/../lib/gcc/arm-none-eabi/12.3.1/../../../../arm-none-eabi/lib/thumb/v8-m.main+fp/hard\libc_nano.a(libc_a-findfp.o)
                0x20008d34                __stdio_exit_handler
 .bss.errno     0x20008d38        0x4 C:/Program Files/STMicroelectronics/STM32Cube/STM32CubeIDE_1.14.1/STM32CubeIDE/plugins/com.st.stm32cube.ide.mcu.externaltools.gnu-tools-for-stm32.12.3.rel1.win32_1.0.100.202403111256/tools/bin/../lib/gcc/arm-none-eabi/12.3.1/../../../../arm-none-eabi/lib/thumb/v8-m.main+fp/hard\libc_nano.a(libc_a-reent.o)
                0x20008d38                errno
 .bss.__lock___malloc_recursive_mutex
                0x20008d3c        0x1 C:/Program Files/STMicroelectronics/STM32Cube/STM32CubeIDE_1.14.1/STM32CubeIDE/plugins/com.st.stm32cube.ide.mcu.externaltools.gnu-tools-for-stm32.12.3.rel1.win32_1.0.100.202403111256/tools/bin/../lib/gcc/arm-none-eabi/12.3.1/../../../../arm-none-eabi/lib/thumb/v8-m.main+fp/hard\libc_nano.a(libc_a-lock.o)
                0x20008d3c                __lock___malloc_recursive_mutex
 .bss.__lock___sfp_recursive_mutex
                0x20008d3d        0x1 C:/Program Files/STMicroelectronics/STM32Cube/STM32CubeIDE_1.14.1/STM32CubeIDE/plugins/com.st.stm32cube.ide.mcu.externaltools.gnu-tools-for-stm32.12.3.rel1.win32_1.0.100.202403111256/tools/bin/../lib/gcc/arm-none-eabi/12.3.1/../../../../arm-none-eabi/lib/thumb/v8-m.main+fp/hard\libc_nano.a(libc_a-lock.o)
                0x20008d3d                __lock___sfp_recursive_mutex
 *fill*         0x20008d3e        0x2 
 .bss.__malloc_sbrk_start
                0x20008d40        0x4 C:/Program Files/STMicroelectronics/STM32Cube/STM32CubeIDE_1.14.1/STM32CubeIDE/plugins/com.st.stm32cube.ide.mcu.externaltools.gnu-tools-for-stm32.12.3.rel1.win32_1.0.100.202403111256/tools/bin/../lib/gcc/arm-none-eabi/12.3.1/../../../../arm-none-eabi/lib/thumb/v8-m.main+fp/hard\libc_nano.a(libc_a-mallocr.o)
                0x20008d40                __malloc_sbrk_start
 .bss.__malloc_free_list
                0x20008d44        0x4 C:/Program Files/STMicroelectronics/STM32Cube/STM32CubeIDE_1.14.1/STM32CubeIDE/plugins/com.st.stm32cube.ide.mcu.externaltools.gnu-tools-for-stm32.12.3.rel1.win32_1.0.100.202403111256/tools/bin/../lib/gcc/arm-none-eabi/12.3.1/../../../../arm-none-eabi/lib/thumb/v8-m.main+fp/hard\libc_nano.a(libc_a-mallocr.o)
                0x20008d44                __malloc_free_list
 *(COMMON)
                0x20008d48                        . = ALIGN (0x4)
                0x20008d48                        _ebss = .
                0x20008d48                        __bss_end__ = _ebss

._user_heap_stack
                0x20008d48      0xa00 load address 0x0800cad8
                0x20008d48                        . = ALIGN (0x8)
                [!provide]                        PROVIDE (end = .)
                0x20008d48                        PROVIDE (_end = .)
                0x20009148                        . = (. + _Min_Heap_Size)
 *fill*         0x20008d48      0x400 
                0x20009748                        . = (. + _Min_Stack_Size)
 *fill*         0x20009148      0x600 
                0x20009748                        . = ALIGN (0x8)

/DISCARD/
 libc.a(*)
 libm.a(*)
 libgcc.a(*)

.ARM.attributes
                0x00000000       0x36
 *(.ARM.attributes)
 .ARM.attributes
                0x00000000       0x26 C:/Program Files/STMicroelectronics/STM32Cube/STM32CubeIDE_1.14.1/STM32CubeIDE/plugins/com.st.stm32cube.ide.mcu.externaltools.gnu-tools-for-stm32.12.3.rel1.win32_1.0.100.202403111256/tools/bin/../lib/gcc/arm-none-eabi/12.3.1/thumb/v8-m.main+fp/hard/crti.o
 .ARM.attributes
                0x00000026       0x38 C:/Program Files/STMicroelectronics/STM32Cube/STM32CubeIDE_1.14.1/STM32CubeIDE/plugins/com.st.stm32cube.ide.mcu.externaltools.gnu-tools-for-stm32.12.3.rel1.win32_1.0.100.202403111256/tools/bin/../lib/gcc/arm-none-eabi/12.3.1/thumb/v8-m.main+fp/hard/crtbegin.o
 .ARM.attributes
                0x0000005e       0x3a ./Core/Src/gpdma.o
 .ARM.attributes
                0x00000098       0x3a ./Core/Src/gpio.o
 .ARM.attributes
                0x000000d2       0x3a ./Core/Src/i2c.o
 .ARM.attributes
                0x0000010c       0x3a ./Core/Src/i2s.o
 .ARM.attributes
                0x00000146       0x3a ./Core/Src/icache.o
 .ARM.attributes
                0x00000180       0x3a ./Core/Src/lsm6dsv16bx.o
 .ARM.attributes
                0x000001ba       0x3a ./Core/Src/main.o
 .ARM.attributes
                0x000001f4       0x3a ./Core/Src/mems_app.o
 .ARM.attributes
                0x0000022e       0x3a ./Core/Src/sai.o
 .ARM.attributes
                0x00000268       0x3a ./Core/Src/stm32h5xx_hal_msp.o
 .ARM.attributes
                0x000002a2       0x3a ./Core/Src/stm32h5xx_it.o
 .ARM.attributes
                0x000002dc       0x3a ./Core/Src/syscalls.o
 .ARM.attributes
                0x00000316       0x3a ./Core/Src/sysmem.o
 .ARM.attributes
                0x00000350       0x3a ./Core/Src/system_stm32h5xx.o
 .ARM.attributes
                0x0000038a       0x3a ./Core/Src/tim.o
 .ARM.attributes
                0x000003c4       0x24 ./Core/Startup/startup_stm32h563zitx.o
 .ARM.attributes
                0x000003e8       0x3a ./Drivers/BSP/STM32H5xx_Nucleo/stm32h5xx_nucleo.o
 .ARM.attributes
                0x00000422       0x3a ./Drivers/STM32H5xx_HAL_Driver/Src/stm32h5xx_hal.o
 .ARM.attributes
                0x0000045c       0x3a ./Drivers/STM32H5xx_HAL_Driver/Src/stm32h5xx_hal_cortex.o
 .ARM.attributes
                0x00000496       0x3a ./Drivers/STM32H5xx_HAL_Driver/Src/stm32h5xx_hal_dma.o
 .ARM.attributes
                0x000004d0       0x3a ./Drivers/STM32H5xx_HAL_Driver/Src/stm32h5xx_hal_exti.o
 .ARM.attributes
                0x0000050a       0x3a ./Drivers/STM32H5xx_HAL_Driver/Src/stm32h5xx_hal_gpio.o
 .ARM.attributes
                0x00000544       0x3a ./Drivers/STM32H5xx_HAL_Driver/Src/stm32h5xx_hal_i2c.o
 .ARM.attributes
                0x0000057e       0x3a ./Drivers/STM32H5xx_HAL_Driver/Src/stm32h5xx_hal_i2c_ex.o
 .ARM.attributes
                0x000005b8       0x3a ./Drivers/STM32H5xx_HAL_Driver/Src/stm32h5xx_hal_i2s.o
 .ARM.attributes
                0x000005f2       0x3a ./Drivers/STM32H5xx_HAL_Driver/Src/stm32h5xx_hal_icache.o
 .ARM.attributes
                0x0000062c       0x3a ./Drivers/STM32H5xx_HAL_Driver/Src/stm32h5xx_hal_rcc.o
 .ARM.attributes
                0x00000666       0x3a ./Drivers/STM32H5xx_HAL_Driver/Src/stm32h5xx_hal_rcc_ex.o
 .ARM.attributes
                0x000006a0       0x3a ./Drivers/STM32H5xx_HAL_Driver/Src/stm32h5xx_hal_tim.o
 .ARM.attributes
                0x000006da       0x3a ./Drivers/STM32H5xx_HAL_Driver/Src/stm32h5xx_hal_tim_ex.o
 .ARM.attributes
                0x00000714       0x3a ./Drivers/STM32H5xx_HAL_Driver/Src/stm32h5xx_hal_uart.o
 .ARM.attributes
                0x0000074e       0x3a C:\WorkSpace\TDM_STM32H563_LSM6DSV16BX\NanoEdgeAI\libneai.a(NanoEdgeAI.o)
 .ARM.attributes
                0x00000788       0x38 C:/Program Files/STMicroelectronics/STM32Cube/STM32CubeIDE_1.14.1/STM32CubeIDE/plugins/com.st.stm32cube.ide.mcu.externaltools.gnu-tools-for-stm32.12.3.rel1.win32_1.0.100.202403111256/tools/bin/../lib/gcc/arm-none-eabi/12.3.1/../../../../arm-none-eabi/lib/thumb/v8-m.main+fp/hard\libc_nano.a(libc_a-findfp.o)
 .ARM.attributes
                0x000007c0       0x38 C:/Program Files/STMicroelectronics/STM32Cube/STM32CubeIDE_1.14.1/STM32CubeIDE/plugins/com.st.stm32cube.ide.mcu.externaltools.gnu-tools-for-stm32.12.3.rel1.win32_1.0.100.202403111256/tools/bin/../lib/gcc/arm-none-eabi/12.3.1/../../../../arm-none-eabi/lib/thumb/v8-m.main+fp/hard\libc_nano.a(libc_a-fwalk.o)
 .ARM.attributes
                0x000007f8       0x38 C:/Program Files/STMicroelectronics/STM32Cube/STM32CubeIDE_1.14.1/STM32CubeIDE/plugins/com.st.stm32cube.ide.mcu.externaltools.gnu-tools-for-stm32.12.3.rel1.win32_1.0.100.202403111256/tools/bin/../lib/gcc/arm-none-eabi/12.3.1/../../../../arm-none-eabi/lib/thumb/v8-m.main+fp/hard\libc_nano.a(libc_a-printf.o)
 .ARM.attributes
                0x00000830       0x38 C:/Program Files/STMicroelectronics/STM32Cube/STM32CubeIDE_1.14.1/STM32CubeIDE/plugins/com.st.stm32cube.ide.mcu.externaltools.gnu-tools-for-stm32.12.3.rel1.win32_1.0.100.202403111256/tools/bin/../lib/gcc/arm-none-eabi/12.3.1/../../../../arm-none-eabi/lib/thumb/v8-m.main+fp/hard\libc_nano.a(libc_a-putchar.o)
 .ARM.attributes
                0x00000868       0x38 C:/Program Files/STMicroelectronics/STM32Cube/STM32CubeIDE_1.14.1/STM32CubeIDE/plugins/com.st.stm32cube.ide.mcu.externaltools.gnu-tools-for-stm32.12.3.rel1.win32_1.0.100.202403111256/tools/bin/../lib/gcc/arm-none-eabi/12.3.1/../../../../arm-none-eabi/lib/thumb/v8-m.main+fp/hard\libc_nano.a(libc_a-stdio.o)
 .ARM.attributes
                0x000008a0       0x38 C:/Program Files/STMicroelectronics/STM32Cube/STM32CubeIDE_1.14.1/STM32CubeIDE/plugins/com.st.stm32cube.ide.mcu.externaltools.gnu-tools-for-stm32.12.3.rel1.win32_1.0.100.202403111256/tools/bin/../lib/gcc/arm-none-eabi/12.3.1/../../../../arm-none-eabi/lib/thumb/v8-m.main+fp/hard\libc_nano.a(libc_a-memset.o)
 .ARM.attributes
                0x000008d8       0x38 C:/Program Files/STMicroelectronics/STM32Cube/STM32CubeIDE_1.14.1/STM32CubeIDE/plugins/com.st.stm32cube.ide.mcu.externaltools.gnu-tools-for-stm32.12.3.rel1.win32_1.0.100.202403111256/tools/bin/../lib/gcc/arm-none-eabi/12.3.1/../../../../arm-none-eabi/lib/thumb/v8-m.main+fp/hard\libc_nano.a(libc_a-closer.o)
 .ARM.attributes
                0x00000910       0x38 C:/Program Files/STMicroelectronics/STM32Cube/STM32CubeIDE_1.14.1/STM32CubeIDE/plugins/com.st.stm32cube.ide.mcu.externaltools.gnu-tools-for-stm32.12.3.rel1.win32_1.0.100.202403111256/tools/bin/../lib/gcc/arm-none-eabi/12.3.1/../../../../arm-none-eabi/lib/thumb/v8-m.main+fp/hard\libc_nano.a(libc_a-reent.o)
 .ARM.attributes
                0x00000948       0x38 C:/Program Files/STMicroelectronics/STM32Cube/STM32CubeIDE_1.14.1/STM32CubeIDE/plugins/com.st.stm32cube.ide.mcu.externaltools.gnu-tools-for-stm32.12.3.rel1.win32_1.0.100.202403111256/tools/bin/../lib/gcc/arm-none-eabi/12.3.1/../../../../arm-none-eabi/lib/thumb/v8-m.main+fp/hard\libc_nano.a(libc_a-impure.o)
 .ARM.attributes
                0x00000980       0x38 C:/Program Files/STMicroelectronics/STM32Cube/STM32CubeIDE_1.14.1/STM32CubeIDE/plugins/com.st.stm32cube.ide.mcu.externaltools.gnu-tools-for-stm32.12.3.rel1.win32_1.0.100.202403111256/tools/bin/../lib/gcc/arm-none-eabi/12.3.1/../../../../arm-none-eabi/lib/thumb/v8-m.main+fp/hard\libc_nano.a(libc_a-lseekr.o)
 .ARM.attributes
                0x000009b8       0x38 C:/Program Files/STMicroelectronics/STM32Cube/STM32CubeIDE_1.14.1/STM32CubeIDE/plugins/com.st.stm32cube.ide.mcu.externaltools.gnu-tools-for-stm32.12.3.rel1.win32_1.0.100.202403111256/tools/bin/../lib/gcc/arm-none-eabi/12.3.1/../../../../arm-none-eabi/lib/thumb/v8-m.main+fp/hard\libc_nano.a(libc_a-readr.o)
 .ARM.attributes
                0x000009f0       0x38 C:/Program Files/STMicroelectronics/STM32Cube/STM32CubeIDE_1.14.1/STM32CubeIDE/plugins/com.st.stm32cube.ide.mcu.externaltools.gnu-tools-for-stm32.12.3.rel1.win32_1.0.100.202403111256/tools/bin/../lib/gcc/arm-none-eabi/12.3.1/../../../../arm-none-eabi/lib/thumb/v8-m.main+fp/hard\libc_nano.a(libc_a-writer.o)
 .ARM.attributes
                0x00000a28       0x38 C:/Program Files/STMicroelectronics/STM32Cube/STM32CubeIDE_1.14.1/STM32CubeIDE/plugins/com.st.stm32cube.ide.mcu.externaltools.gnu-tools-for-stm32.12.3.rel1.win32_1.0.100.202403111256/tools/bin/../lib/gcc/arm-none-eabi/12.3.1/../../../../arm-none-eabi/lib/thumb/v8-m.main+fp/hard\libc_nano.a(libc_a-errno.o)
 .ARM.attributes
                0x00000a60       0x38 C:/Program Files/STMicroelectronics/STM32Cube/STM32CubeIDE_1.14.1/STM32CubeIDE/plugins/com.st.stm32cube.ide.mcu.externaltools.gnu-tools-for-stm32.12.3.rel1.win32_1.0.100.202403111256/tools/bin/../lib/gcc/arm-none-eabi/12.3.1/../../../../arm-none-eabi/lib/thumb/v8-m.main+fp/hard\libc_nano.a(libc_a-init.o)
 .ARM.attributes
                0x00000a98       0x38 C:/Program Files/STMicroelectronics/STM32Cube/STM32CubeIDE_1.14.1/STM32CubeIDE/plugins/com.st.stm32cube.ide.mcu.externaltools.gnu-tools-for-stm32.12.3.rel1.win32_1.0.100.202403111256/tools/bin/../lib/gcc/arm-none-eabi/12.3.1/../../../../arm-none-eabi/lib/thumb/v8-m.main+fp/hard\libc_nano.a(libc_a-lock.o)
 .ARM.attributes
                0x00000ad0       0x38 C:/Program Files/STMicroelectronics/STM32Cube/STM32CubeIDE_1.14.1/STM32CubeIDE/plugins/com.st.stm32cube.ide.mcu.externaltools.gnu-tools-for-stm32.12.3.rel1.win32_1.0.100.202403111256/tools/bin/../lib/gcc/arm-none-eabi/12.3.1/../../../../arm-none-eabi/lib/thumb/v8-m.main+fp/hard\libc_nano.a(libc_a-memcpy-stub.o)
 .ARM.attributes
                0x00000b08       0x38 C:/Program Files/STMicroelectronics/STM32Cube/STM32CubeIDE_1.14.1/STM32CubeIDE/plugins/com.st.stm32cube.ide.mcu.externaltools.gnu-tools-for-stm32.12.3.rel1.win32_1.0.100.202403111256/tools/bin/../lib/gcc/arm-none-eabi/12.3.1/../../../../arm-none-eabi/lib/thumb/v8-m.main+fp/hard\libc_nano.a(libc_a-freer.o)
 .ARM.attributes
                0x00000b40       0x38 C:/Program Files/STMicroelectronics/STM32Cube/STM32CubeIDE_1.14.1/STM32CubeIDE/plugins/com.st.stm32cube.ide.mcu.externaltools.gnu-tools-for-stm32.12.3.rel1.win32_1.0.100.202403111256/tools/bin/../lib/gcc/arm-none-eabi/12.3.1/../../../../arm-none-eabi/lib/thumb/v8-m.main+fp/hard\libc_nano.a(libc_a-mallocr.o)
 .ARM.attributes
                0x00000b78       0x38 C:/Program Files/STMicroelectronics/STM32Cube/STM32CubeIDE_1.14.1/STM32CubeIDE/plugins/com.st.stm32cube.ide.mcu.externaltools.gnu-tools-for-stm32.12.3.rel1.win32_1.0.100.202403111256/tools/bin/../lib/gcc/arm-none-eabi/12.3.1/../../../../arm-none-eabi/lib/thumb/v8-m.main+fp/hard\libc_nano.a(libc_a-mlock.o)
 .ARM.attributes
                0x00000bb0       0x38 C:/Program Files/STMicroelectronics/STM32Cube/STM32CubeIDE_1.14.1/STM32CubeIDE/plugins/com.st.stm32cube.ide.mcu.externaltools.gnu-tools-for-stm32.12.3.rel1.win32_1.0.100.202403111256/tools/bin/../lib/gcc/arm-none-eabi/12.3.1/../../../../arm-none-eabi/lib/thumb/v8-m.main+fp/hard\libc_nano.a(libc_a-nano-vfprintf.o)
 .ARM.attributes
                0x00000be8       0x38 C:/Program Files/STMicroelectronics/STM32Cube/STM32CubeIDE_1.14.1/STM32CubeIDE/plugins/com.st.stm32cube.ide.mcu.externaltools.gnu-tools-for-stm32.12.3.rel1.win32_1.0.100.202403111256/tools/bin/../lib/gcc/arm-none-eabi/12.3.1/../../../../arm-none-eabi/lib/thumb/v8-m.main+fp/hard\libc_nano.a(libc_a-nano-vfprintf_i.o)
 .ARM.attributes
                0x00000c20       0x38 C:/Program Files/STMicroelectronics/STM32Cube/STM32CubeIDE_1.14.1/STM32CubeIDE/plugins/com.st.stm32cube.ide.mcu.externaltools.gnu-tools-for-stm32.12.3.rel1.win32_1.0.100.202403111256/tools/bin/../lib/gcc/arm-none-eabi/12.3.1/../../../../arm-none-eabi/lib/thumb/v8-m.main+fp/hard\libc_nano.a(libc_a-fflush.o)
 .ARM.attributes
                0x00000c58       0x38 C:/Program Files/STMicroelectronics/STM32Cube/STM32CubeIDE_1.14.1/STM32CubeIDE/plugins/com.st.stm32cube.ide.mcu.externaltools.gnu-tools-for-stm32.12.3.rel1.win32_1.0.100.202403111256/tools/bin/../lib/gcc/arm-none-eabi/12.3.1/../../../../arm-none-eabi/lib/thumb/v8-m.main+fp/hard\libc_nano.a(libc_a-putc.o)
 .ARM.attributes